<?xml version="1.0" encoding="UTF-8"?>
<testsuites tests="5" failures="6" errors="0" time="3608.435481">
	<testsuite tests="0" failures="0" time="0.000000" name="github.com/rancher/rancher/tests/v2/validation/provisioning/airgap" timestamp="2025-01-17T10:25:27-06:00">
		<properties>
			<property name="go.version" value="go1.23.0 darwin/arm64"></property>
		</properties>
	</testsuite>
	<testsuite tests="0" failures="0" time="0.000000" name="github.com/rancher/rancher/tests/v2/validation/provisioning/hosted/aks" timestamp="2025-01-17T10:25:27-06:00">
		<properties>
			<property name="go.version" value="go1.23.0 darwin/arm64"></property>
		</properties>
	</testsuite>
	<testsuite tests="0" failures="0" time="0.000000" name="github.com/rancher/rancher/tests/v2/validation/provisioning/hosted/eks" timestamp="2025-01-17T10:25:27-06:00">
		<properties>
			<property name="go.version" value="go1.23.0 darwin/arm64"></property>
		</properties>
	</testsuite>
	<testsuite tests="0" failures="0" time="0.000000" name="github.com/rancher/rancher/tests/v2/validation/provisioning/hosted/gke" timestamp="2025-01-17T10:25:27-06:00">
		<properties>
			<property name="go.version" value="go1.23.0 darwin/arm64"></property>
		</properties>
	</testsuite>
	<testsuite tests="0" failures="0" time="0.000000" name="github.com/rancher/rancher/tests/v2/validation/provisioning/hostnametruncation" timestamp="2025-01-17T10:25:27-06:00">
		<properties>
			<property name="go.version" value="go1.23.0 darwin/arm64"></property>
		</properties>
	</testsuite>
	<testsuite tests="0" failures="0" time="0.000000" name="github.com/rancher/rancher/tests/v2/validation/provisioning/import" timestamp="2025-01-17T10:25:27-06:00">
		<properties>
			<property name="go.version" value="go1.23.0 darwin/arm64"></property>
		</properties>
	</testsuite>
	<testsuite tests="5" failures="5" time="3601.224000" name="github.com/rancher/rancher/tests/v2/validation/provisioning/k3s" timestamp="2025-01-17T10:25:27-06:00">
		<properties>
			<property name="go.version" value="go1.23.0 darwin/arm64"></property>
		</properties>
		<testcase classname="" name="TestMain" time="0.000000">
			<failure message="Failed" type="">panic: test timed out after 1h0m0s&#xA;&#x9;running tests:&#xA;&#x9;&#x9;TestCustomClusterK3SProvisioningTestSuite (1h0m0s)&#xA;&#x9;&#x9;TestCustomClusterK3SProvisioningTestSuite/TestProvisioningK3SCustomCluster (59m45s)&#xA;&#x9;&#x9;TestCustomClusterK3SProvisioningTestSuite/TestProvisioningK3SCustomCluster/3_nodes_-_1_role_per_node_Standard_User_Node_Provider:_ec2_Kubernetes_version:_v1.28.15+k3s1_cni:_calico (20m46s)&#xA;&#xA;goroutine 1932 [running]:&#xA;testing.(*M).startAlarm.func1()&#xA;&#x9;/opt/homebrew/Cellar/go/1.23.0/libexec/src/testing/testing.go:2373 +0x30c&#xA;created by time.goFunc&#xA;&#x9;/opt/homebrew/Cellar/go/1.23.0/libexec/src/time/sleep.go:215 +0x38&#xA;&#xA;goroutine 1 [chan receive, 60 minutes]:&#xA;testing.(*T).Run(0x140001c6ea0, {0x104442f12?, 0x14000065b48?}, 0x1054b4d68)&#xA;&#x9;/opt/homebrew/Cellar/go/1.23.0/libexec/src/testing/testing.go:1751 +0x328&#xA;testing.runTests.func1(0x140001c6ea0)&#xA;&#x9;/opt/homebrew/Cellar/go/1.23.0/libexec/src/testing/testing.go:2168 +0x40&#xA;testing.tRunner(0x140001c6ea0, 0x14000065c68)&#xA;&#x9;/opt/homebrew/Cellar/go/1.23.0/libexec/src/testing/testing.go:1690 +0xe4&#xA;testing.runTests(0x140007284f8, {0x106f963c0, 0x6, 0x6}, {0xd500000000000000?, 0xd5a993553476112c?, 0x1071b7fe0?})&#xA;&#x9;/opt/homebrew/Cellar/go/1.23.0/libexec/src/testing/testing.go:2166 +0x3ac&#xA;testing.(*M).Run(0x1400075c320)&#xA;&#x9;/opt/homebrew/Cellar/go/1.23.0/libexec/src/testing/testing.go:2034 +0x588&#xA;main.main()&#xA;&#x9;_testmain.go:55 +0x90&#xA;&#xA;goroutine 35 [chan receive]:&#xA;k8s.io/klog.(*loggingT).flushDaemon(0x1071b8620)&#xA;&#x9;/Users/sgartner/go/pkg/mod/k8s.io/klog@v1.0.0/klog.go:1010 +0x5c&#xA;created by k8s.io/klog.init.0 in goroutine 1&#xA;&#x9;/Users/sgartner/go/pkg/mod/k8s.io/klog@v1.0.0/klog.go:411 +0xf0&#xA;&#xA;goroutine 6 [chan receive, 59 minutes]:&#xA;testing.(*T).Run(0x140001c7040, {0x104b559aa?, 0x14000065d38?}, 0x14002626120)&#xA;&#x9;/opt/homebrew/Cellar/go/1.23.0/libexec/src/testing/testing.go:1751 +0x328&#xA;github.com/stretchr/testify/suite.runTests({0x10550f5b0, 0x140001c7040}, {0x14002e892c0?, 0x2?, 0x2?})&#xA;&#x9;/Users/sgartner/go/pkg/mod/github.com/stretchr/testify@v1.9.0/suite/suite.go:247 +0x110&#xA;github.com/stretchr/testify/suite.Run(0x140001c7040, {0x1054e2010, 0x140001c4ba0})&#xA;&#x9;/Users/sgartner/go/pkg/mod/github.com/stretchr/testify@v1.9.0/suite/suite.go:220 +0x394&#xA;github.com/rancher/rancher/tests/v2/validation/provisioning/k3s.TestCustomClusterK3SProvisioningTestSuite(0x140001c7040)&#xA;&#x9;/Users/sgartner/go/src/github.com/susesgartner/rancher/tests/v2/validation/provisioning/k3s/custom_cluster_test.go:133 +0x3c&#xA;testing.tRunner(0x140001c7040, 0x1054b4d68)&#xA;&#x9;/opt/homebrew/Cellar/go/1.23.0/libexec/src/testing/testing.go:1690 +0xe4&#xA;created by testing.(*T).Run in goroutine 1&#xA;&#x9;/opt/homebrew/Cellar/go/1.23.0/libexec/src/testing/testing.go:1743 +0x314&#xA;&#xA;goroutine 1883 [chan receive, 17 minutes]:&#xA;golang.org/x/crypto/ssh.(*Client).handleGlobalRequests(...)&#xA;&#x9;/Users/sgartner/go/pkg/mod/golang.org/x/crypto@v0.31.0/ssh/client.go:142&#xA;created by golang.org/x/crypto/ssh.NewClient in goroutine 1588&#xA;&#x9;/Users/sgartner/go/pkg/mod/golang.org/x/crypto@v0.31.0/ssh/client.go:59 +0xcc&#xA;&#xA;goroutine 308 [chan receive, 20 minutes]:&#xA;testing.(*T).Run(0x14002f324e0, {0x14000d3c070?, 0x90?}, 0x140015e4160)&#xA;&#x9;/opt/homebrew/Cellar/go/1.23.0/libexec/src/testing/testing.go:1751 +0x328&#xA;github.com/stretchr/testify/suite.(*Suite).Run(0x140001c4ba0, {0x14000d3c070, 0x68}, 0x1400287a510)&#xA;&#x9;/Users/sgartner/go/pkg/mod/github.com/stretchr/testify@v1.9.0/suite/suite.go:101 +0xa0&#xA;github.com/rancher/rancher/tests/v2/actions/provisioning/permutations.RunTestPermutations(0x140001c4ba0, {0x14002d63a10, 0x27}, 0x14000297aa0, 0x140020ce000, {0x1043df620, 0x9}, {0x0, 0x0, 0x0}, ...)&#xA;&#x9;/Users/sgartner/go/src/github.com/susesgartner/rancher/tests/v2/actions/provisioning/permutations/permutations.go:121 +0x394&#xA;github.com/rancher/rancher/tests/v2/validation/provisioning/k3s.(*CustomClusterProvisioningTestSuite).TestProvisioningK3SCustomCluster(0x140001c4ba0)&#xA;&#x9;/Users/sgartner/go/src/github.com/susesgartner/rancher/tests/v2/validation/provisioning/k3s/custom_cluster_test.go:98 +0x558&#xA;reflect.Value.call({0x14000985340?, 0x14000818fd8?, 0x10247a2f3?}, {0x1043d52c6, 0x4}, {0x140015f4f20, 0x1, 0x10434a3a0?})&#xA;&#x9;/opt/homebrew/Cellar/go/1.23.0/libexec/src/reflect/value.go:581 +0x97c&#xA;reflect.Value.Call({0x14000985340?, 0x14000818fd8?, 0x604?}, {0x140015f4f20?, 0x1066087f8?, 0x106fba0a0?})&#xA;&#x9;/opt/homebrew/Cellar/go/1.23.0/libexec/src/reflect/value.go:365 +0x94&#xA;github.com/stretchr/testify/suite.Run.func1(0x14002f324e0)&#xA;&#x9;/Users/sgartner/go/pkg/mod/github.com/stretchr/testify@v1.9.0/suite/suite.go:202 +0x390&#xA;testing.tRunner(0x14002f324e0, 0x14002626120)&#xA;&#x9;/opt/homebrew/Cellar/go/1.23.0/libexec/src/testing/testing.go:1690 +0xe4&#xA;created by testing.(*T).Run in goroutine 6&#xA;&#x9;/opt/homebrew/Cellar/go/1.23.0/libexec/src/testing/testing.go:1743 +0x314&#xA;&#xA;goroutine 693 [IO wait, 56 minutes]:&#xA;internal/poll.runtime_pollWait(0x12e7e8b20, 0x72)&#xA;&#x9;/opt/homebrew/Cellar/go/1.23.0/libexec/src/runtime/netpoll.go:351 +0xa0&#xA;internal/poll.(*pollDesc).wait(0x140000c7680?, 0x14000e98000?, 0x0)&#xA;&#x9;/opt/homebrew/Cellar/go/1.23.0/libexec/src/internal/poll/fd_poll_runtime.go:84 +0x28&#xA;internal/poll.(*pollDesc).waitRead(...)&#xA;&#x9;/opt/homebrew/Cellar/go/1.23.0/libexec/src/internal/poll/fd_poll_runtime.go:89&#xA;internal/poll.(*FD).Read(0x140000c7680, {0x14000e98000, 0x1000, 0x1000})&#xA;&#x9;/opt/homebrew/Cellar/go/1.23.0/libexec/src/internal/poll/fd_unix.go:165 +0x1fc&#xA;net.(*netFD).Read(0x140000c7680, {0x14000e98000?, 0x1400179acc8?, 0x102393f88?})&#xA;&#x9;/opt/homebrew/Cellar/go/1.23.0/libexec/src/net/fd_posix.go:55 +0x28&#xA;net.(*conn).Read(0x14000092428, {0x14000e98000?, 0x270?, 0x1400179ad48?})&#xA;&#x9;/opt/homebrew/Cellar/go/1.23.0/libexec/src/net/net.go:189 +0x34&#xA;bufio.(*Reader).Read(0x14002211020, {0x14000742ba0, 0x4, 0x102393718?})&#xA;&#x9;/opt/homebrew/Cellar/go/1.23.0/libexec/src/bufio/bufio.go:241 +0x1b4&#xA;io.ReadAtLeast({0x1054c6360, 0x14002211020}, {0x14000742ba0, 0x4, 0x4}, 0x4)&#xA;&#x9;/opt/homebrew/Cellar/go/1.23.0/libexec/src/io/io.go:335 +0xa0&#xA;io.ReadFull(...)&#xA;&#x9;/opt/homebrew/Cellar/go/1.23.0/libexec/src/io/io.go:354&#xA;golang.org/x/crypto/ssh.(*gcmCipher).readCipherPacket(0x14000742b90, 0x0?, {0x1054c6360, 0x14002211020})&#xA;&#x9;/Users/sgartner/go/pkg/mod/golang.org/x/crypto@v0.31.0/ssh/cipher.go:373 +0x50&#xA;golang.org/x/crypto/ssh.(*connectionState).readPacket(0x14000e9c360, 0x102327c98?, 0x0)&#xA;&#x9;/Users/sgartner/go/pkg/mod/golang.org/x/crypto@v0.31.0/ssh/transport.go:147 +0x48&#xA;golang.org/x/crypto/ssh.(*transport).readPacket(0x14000e9c360)&#xA;&#x9;/Users/sgartner/go/pkg/mod/golang.org/x/crypto@v0.31.0/ssh/transport.go:130 +0x30&#xA;golang.org/x/crypto/ssh.(*handshakeTransport).readOnePacket(0x140020884e0, 0x0)&#xA;&#x9;/Users/sgartner/go/pkg/mod/golang.org/x/crypto@v0.31.0/ssh/handshake.go:400 +0x38&#xA;golang.org/x/crypto/ssh.(*handshakeTransport).readLoop(0x140020884e0)&#xA;&#x9;/Users/sgartner/go/pkg/mod/golang.org/x/crypto@v0.31.0/ssh/handshake.go:219 +0x38&#xA;created by golang.org/x/crypto/ssh.newClientTransport in goroutine 360&#xA;&#x9;/Users/sgartner/go/pkg/mod/golang.org/x/crypto@v0.31.0/ssh/handshake.go:155 +0x1d8&#xA;&#xA;goroutine 1308 [chan receive, 50 minutes]:&#xA;golang.org/x/crypto/ssh.(*Client).handleChannelOpens(0x1400087d310, 0x14000701260)&#xA;&#x9;/Users/sgartner/go/pkg/mod/golang.org/x/crypto@v0.31.0/ssh/client.go:151 +0x40&#xA;created by golang.org/x/crypto/ssh.NewClient in goroutine 1041&#xA;&#x9;/Users/sgartner/go/pkg/mod/golang.org/x/crypto@v0.31.0/ssh/client.go:60 +0x11c&#xA;&#xA;goroutine 1588 [chan receive, 17 minutes]:&#xA;github.com/rancher/shepherd/pkg/wait.WatchWait({0x1054d20f0, 0x14001408fc0}, 0x1054b5670)&#xA;&#x9;/Users/sgartner/go/pkg/mod/github.com/rancher/shepherd@v0.0.0-20241213222351-98e341c77d0b/pkg/wait/watch.go:39 +0x84&#xA;github.com/rancher/rancher/tests/v2/actions/provisioning.CreateProvisioningCustomCluster(0x14002300ae0, 0x140015e4140, 0x140042bc280)&#xA;&#x9;/Users/sgartner/go/src/github.com/susesgartner/rancher/tests/v2/actions/provisioning/creates.go:331 +0x898&#xA;github.com/rancher/rancher/tests/v2/actions/provisioning/permutations.RunTestPermutations.func1()&#xA;&#x9;/Users/sgartner/go/src/github.com/susesgartner/rancher/tests/v2/actions/provisioning/permutations/permutations.go:158 +0xaec&#xA;github.com/stretchr/testify/suite.(*Suite).Run.func1(0x1400134a680)&#xA;&#x9;/Users/sgartner/go/pkg/mod/github.com/stretchr/testify@v1.9.0/suite/suite.go:115 +0x148&#xA;testing.tRunner(0x1400134a680, 0x140015e4160)&#xA;&#x9;/opt/homebrew/Cellar/go/1.23.0/libexec/src/testing/testing.go:1690 +0xe4&#xA;created by testing.(*T).Run in goroutine 308&#xA;&#x9;/opt/homebrew/Cellar/go/1.23.0/libexec/src/testing/testing.go:1743 +0x314&#xA;&#xA;goroutine 1885 [sync.Cond.Wait, 17 minutes]:&#xA;sync.runtime_notifyListWait(0x14002820810, 0x0)&#xA;&#x9;/opt/homebrew/Cellar/go/1.23.0/libexec/src/runtime/sema.go:587 +0x154&#xA;sync.(*Cond).Wait(0x14002820800)&#xA;&#x9;/opt/homebrew/Cellar/go/1.23.0/libexec/src/sync/cond.go:71 +0xcc&#xA;golang.org/x/crypto/ssh.(*mux).Wait(0x140006eaaf0)&#xA;&#x9;/Users/sgartner/go/pkg/mod/golang.org/x/crypto@v0.31.0/ssh/mux.go:110 +0x84&#xA;golang.org/x/crypto/ssh.NewClient.func1()&#xA;&#x9;/Users/sgartner/go/pkg/mod/golang.org/x/crypto@v0.31.0/ssh/client.go:62 +0x30&#xA;created by golang.org/x/crypto/ssh.NewClient in goroutine 1588&#xA;&#x9;/Users/sgartner/go/pkg/mod/golang.org/x/crypto@v0.31.0/ssh/client.go:61 +0x15c&#xA;&#xA;goroutine 1307 [chan receive, 50 minutes]:&#xA;golang.org/x/crypto/ssh.(*Client).handleGlobalRequests(...)&#xA;&#x9;/Users/sgartner/go/pkg/mod/golang.org/x/crypto@v0.31.0/ssh/client.go:142&#xA;created by golang.org/x/crypto/ssh.NewClient in goroutine 1041&#xA;&#x9;/Users/sgartner/go/pkg/mod/golang.org/x/crypto@v0.31.0/ssh/client.go:59 +0xcc&#xA;&#xA;goroutine 1887 [select, 17 minutes]:&#xA;golang.org/x/crypto/ssh.(*handshakeTransport).kexLoop(0x140020cf1e0)&#xA;&#x9;/Users/sgartner/go/pkg/mod/golang.org/x/crypto@v0.31.0/ssh/handshake.go:293 +0x42c&#xA;created by golang.org/x/crypto/ssh.newClientTransport in goroutine 1588&#xA;&#x9;/Users/sgartner/go/pkg/mod/golang.org/x/crypto@v0.31.0/ssh/handshake.go:156 +0x218&#xA;&#xA;goroutine 1876 [select, 17 minutes]:&#xA;golang.org/x/crypto/ssh.(*handshakeTransport).kexLoop(0x140020ced00)&#xA;&#x9;/Users/sgartner/go/pkg/mod/golang.org/x/crypto@v0.31.0/ssh/handshake.go:293 +0x42c&#xA;created by golang.org/x/crypto/ssh.newClientTransport in goroutine 1588&#xA;&#x9;/Users/sgartner/go/pkg/mod/golang.org/x/crypto@v0.31.0/ssh/handshake.go:156 +0x218&#xA;&#xA;goroutine 1881 [select, 17 minutes]:&#xA;golang.org/x/crypto/ssh.(*handshakeTransport).kexLoop(0x140020cf040)&#xA;&#x9;/Users/sgartner/go/pkg/mod/golang.org/x/crypto@v0.31.0/ssh/handshake.go:293 +0x42c&#xA;created by golang.org/x/crypto/ssh.newClientTransport in goroutine 1588&#xA;&#x9;/Users/sgartner/go/pkg/mod/golang.org/x/crypto@v0.31.0/ssh/handshake.go:156 +0x218&#xA;&#xA;goroutine 1336 [select, 50 minutes]:&#xA;golang.org/x/crypto/ssh.(*handshakeTransport).kexLoop(0x1400119d6c0)&#xA;&#x9;/Users/sgartner/go/pkg/mod/golang.org/x/crypto@v0.31.0/ssh/handshake.go:293 +0x42c&#xA;created by golang.org/x/crypto/ssh.newClientTransport in goroutine 1041&#xA;&#x9;/Users/sgartner/go/pkg/mod/golang.org/x/crypto@v0.31.0/ssh/handshake.go:156 +0x218&#xA;&#xA;goroutine 1305 [select, 50 minutes]:&#xA;golang.org/x/crypto/ssh.(*handshakeTransport).kexLoop(0x140020ce1a0)&#xA;&#x9;/Users/sgartner/go/pkg/mod/golang.org/x/crypto@v0.31.0/ssh/handshake.go:293 +0x42c&#xA;created by golang.org/x/crypto/ssh.newClientTransport in goroutine 1041&#xA;&#x9;/Users/sgartner/go/pkg/mod/golang.org/x/crypto@v0.31.0/ssh/handshake.go:156 +0x218&#xA;&#xA;goroutine 1309 [sync.Cond.Wait, 50 minutes]:&#xA;sync.runtime_notifyListWait(0x14003c3f250, 0x0)&#xA;&#x9;/opt/homebrew/Cellar/go/1.23.0/libexec/src/runtime/sema.go:587 +0x154&#xA;sync.(*Cond).Wait(0x14003c3f240)&#xA;&#x9;/opt/homebrew/Cellar/go/1.23.0/libexec/src/sync/cond.go:71 +0xcc&#xA;golang.org/x/crypto/ssh.(*mux).Wait(0x14000701650)&#xA;&#x9;/Users/sgartner/go/pkg/mod/golang.org/x/crypto@v0.31.0/ssh/mux.go:110 +0x84&#xA;golang.org/x/crypto/ssh.NewClient.func1()&#xA;&#x9;/Users/sgartner/go/pkg/mod/golang.org/x/crypto@v0.31.0/ssh/client.go:62 +0x30&#xA;created by golang.org/x/crypto/ssh.NewClient in goroutine 1041&#xA;&#x9;/Users/sgartner/go/pkg/mod/golang.org/x/crypto@v0.31.0/ssh/client.go:61 +0x15c&#xA;&#xA;goroutine 1884 [chan receive, 17 minutes]:&#xA;golang.org/x/crypto/ssh.(*Client).handleChannelOpens(0x140003339a0, 0x140006ea9a0)&#xA;&#x9;/Users/sgartner/go/pkg/mod/golang.org/x/crypto@v0.31.0/ssh/client.go:151 +0x40&#xA;created by golang.org/x/crypto/ssh.NewClient in goroutine 1588&#xA;&#x9;/Users/sgartner/go/pkg/mod/golang.org/x/crypto@v0.31.0/ssh/client.go:60 +0x11c&#xA;&#xA;goroutine 694 [select, 56 minutes]:&#xA;golang.org/x/crypto/ssh.(*handshakeTransport).kexLoop(0x140020884e0)&#xA;&#x9;/Users/sgartner/go/pkg/mod/golang.org/x/crypto@v0.31.0/ssh/handshake.go:293 +0x42c&#xA;created by golang.org/x/crypto/ssh.newClientTransport in goroutine 360&#xA;&#x9;/Users/sgartner/go/pkg/mod/golang.org/x/crypto@v0.31.0/ssh/handshake.go:156 +0x218&#xA;&#xA;goroutine 1306 [chan receive, 50 minutes]:&#xA;golang.org/x/crypto/ssh.(*handshakeTransport).readPacket(0x140020ce1a0)&#xA;&#x9;/Users/sgartner/go/pkg/mod/golang.org/x/crypto@v0.31.0/ssh/handshake.go:209 +0x34&#xA;golang.org/x/crypto/ssh.(*mux).onePacket(0x14000701650)&#xA;&#x9;/Users/sgartner/go/pkg/mod/golang.org/x/crypto@v0.31.0/ssh/mux.go:215 +0x30&#xA;golang.org/x/crypto/ssh.(*mux).loop(0x14000701650)&#xA;&#x9;/Users/sgartner/go/pkg/mod/golang.org/x/crypto@v0.31.0/ssh/mux.go:190 +0x2c&#xA;created by golang.org/x/crypto/ssh.newMux in goroutine 1041&#xA;&#x9;/Users/sgartner/go/pkg/mod/golang.org/x/crypto@v0.31.0/ssh/mux.go:128 +0x168&#xA;&#xA;goroutine 695 [chan receive, 56 minutes]:&#xA;golang.org/x/crypto/ssh.(*handshakeTransport).readPacket(0x140020884e0)&#xA;&#x9;/Users/sgartner/go/pkg/mod/golang.org/x/crypto@v0.31.0/ssh/handshake.go:209 +0x34&#xA;golang.org/x/crypto/ssh.(*mux).onePacket(0x140002eccb0)&#xA;&#x9;/Users/sgartner/go/pkg/mod/golang.org/x/crypto@v0.31.0/ssh/mux.go:215 +0x30&#xA;golang.org/x/crypto/ssh.(*mux).loop(0x140002eccb0)&#xA;&#x9;/Users/sgartner/go/pkg/mod/golang.org/x/crypto@v0.31.0/ssh/mux.go:190 +0x2c&#xA;created by golang.org/x/crypto/ssh.newMux in goroutine 360&#xA;&#x9;/Users/sgartner/go/pkg/mod/golang.org/x/crypto@v0.31.0/ssh/mux.go:128 +0x168&#xA;&#xA;goroutine 696 [chan receive, 56 minutes]:&#xA;golang.org/x/crypto/ssh.(*Client).handleGlobalRequests(...)&#xA;&#x9;/Users/sgartner/go/pkg/mod/golang.org/x/crypto@v0.31.0/ssh/client.go:142&#xA;created by golang.org/x/crypto/ssh.NewClient in goroutine 360&#xA;&#x9;/Users/sgartner/go/pkg/mod/golang.org/x/crypto@v0.31.0/ssh/client.go:59 +0xcc&#xA;&#xA;goroutine 697 [chan receive, 56 minutes]:&#xA;golang.org/x/crypto/ssh.(*Client).handleChannelOpens(0x14000742cd0, 0x140002ec850)&#xA;&#x9;/Users/sgartner/go/pkg/mod/golang.org/x/crypto@v0.31.0/ssh/client.go:151 +0x40&#xA;created by golang.org/x/crypto/ssh.NewClient in goroutine 360&#xA;&#x9;/Users/sgartner/go/pkg/mod/golang.org/x/crypto@v0.31.0/ssh/client.go:60 +0x11c&#xA;&#xA;goroutine 698 [sync.Cond.Wait, 56 minutes]:&#xA;sync.runtime_notifyListWait(0x140027ebf10, 0x0)&#xA;&#x9;/opt/homebrew/Cellar/go/1.23.0/libexec/src/runtime/sema.go:587 +0x154&#xA;sync.(*Cond).Wait(0x140027ebf00)&#xA;&#x9;/opt/homebrew/Cellar/go/1.23.0/libexec/src/sync/cond.go:71 +0xcc&#xA;golang.org/x/crypto/ssh.(*mux).Wait(0x140002eccb0)&#xA;&#x9;/Users/sgartner/go/pkg/mod/golang.org/x/crypto@v0.31.0/ssh/mux.go:110 +0x84&#xA;golang.org/x/crypto/ssh.NewClient.func1()&#xA;&#x9;/Users/sgartner/go/pkg/mod/golang.org/x/crypto@v0.31.0/ssh/client.go:62 +0x30&#xA;created by golang.org/x/crypto/ssh.NewClient in goroutine 360&#xA;&#x9;/Users/sgartner/go/pkg/mod/golang.org/x/crypto@v0.31.0/ssh/client.go:61 +0x15c&#xA;&#xA;goroutine 1335 [IO wait, 50 minutes]:&#xA;internal/poll.runtime_pollWait(0x12f17f548, 0x72)&#xA;&#x9;/opt/homebrew/Cellar/go/1.23.0/libexec/src/runtime/netpoll.go:351 +0xa0&#xA;internal/poll.(*pollDesc).wait(0x140005b5100?, 0x14002203000?, 0x0)&#xA;&#x9;/opt/homebrew/Cellar/go/1.23.0/libexec/src/internal/poll/fd_poll_runtime.go:84 +0x28&#xA;internal/poll.(*pollDesc).waitRead(...)&#xA;&#x9;/opt/homebrew/Cellar/go/1.23.0/libexec/src/internal/poll/fd_poll_runtime.go:89&#xA;internal/poll.(*FD).Read(0x140005b5100, {0x14002203000, 0x1000, 0x1000})&#xA;&#x9;/opt/homebrew/Cellar/go/1.23.0/libexec/src/internal/poll/fd_unix.go:165 +0x1fc&#xA;net.(*netFD).Read(0x140005b5100, {0x14002203000?, 0x12e532628?, 0x14000c8c360?})&#xA;&#x9;/opt/homebrew/Cellar/go/1.23.0/libexec/src/net/fd_posix.go:55 +0x28&#xA;net.(*conn).Read(0x14000818520, {0x14002203000?, 0x270?, 0x14001251d48?})&#xA;&#x9;/opt/homebrew/Cellar/go/1.23.0/libexec/src/net/net.go:189 +0x34&#xA;bufio.(*Reader).Read(0x14000c8c2a0, {0x1400087d410, 0x4, 0x102393718?})&#xA;&#x9;/opt/homebrew/Cellar/go/1.23.0/libexec/src/bufio/bufio.go:241 +0x1b4&#xA;io.ReadAtLeast({0x1054c6360, 0x14000c8c2a0}, {0x1400087d410, 0x4, 0x4}, 0x4)&#xA;&#x9;/opt/homebrew/Cellar/go/1.23.0/libexec/src/io/io.go:335 +0xa0&#xA;io.ReadFull(...)&#xA;&#x9;/opt/homebrew/Cellar/go/1.23.0/libexec/src/io/io.go:354&#xA;golang.org/x/crypto/ssh.(*gcmCipher).readCipherPacket(0x1400087d400, 0x0?, {0x1054c6360, 0x14000c8c2a0})&#xA;&#x9;/Users/sgartner/go/pkg/mod/golang.org/x/crypto@v0.31.0/ssh/cipher.go:373 +0x50&#xA;golang.org/x/crypto/ssh.(*connectionState).readPacket(0x14000c96d80, 0x102327c98?, 0x0)&#xA;&#x9;/Users/sgartner/go/pkg/mod/golang.org/x/crypto@v0.31.0/ssh/transport.go:147 +0x48&#xA;golang.org/x/crypto/ssh.(*transport).readPacket(0x14000c96d80)&#xA;&#x9;/Users/sgartner/go/pkg/mod/golang.org/x/crypto@v0.31.0/ssh/transport.go:130 +0x30&#xA;golang.org/x/crypto/ssh.(*handshakeTransport).readOnePacket(0x1400119d6c0, 0x0)&#xA;&#x9;/Users/sgartner/go/pkg/mod/golang.org/x/crypto@v0.31.0/ssh/handshake.go:400 +0x38&#xA;golang.org/x/crypto/ssh.(*handshakeTransport).readLoop(0x1400119d6c0)&#xA;&#x9;/Users/sgartner/go/pkg/mod/golang.org/x/crypto@v0.31.0/ssh/handshake.go:219 +0x38&#xA;created by golang.org/x/crypto/ssh.newClientTransport in goroutine 1041&#xA;&#x9;/Users/sgartner/go/pkg/mod/golang.org/x/crypto@v0.31.0/ssh/handshake.go:155 +0x1d8&#xA;&#xA;goroutine 1882 [chan receive, 17 minutes]:&#xA;golang.org/x/crypto/ssh.(*handshakeTransport).readPacket(0x140020cf040)&#xA;&#x9;/Users/sgartner/go/pkg/mod/golang.org/x/crypto@v0.31.0/ssh/handshake.go:209 +0x34&#xA;golang.org/x/crypto/ssh.(*mux).onePacket(0x140006eaaf0)&#xA;&#x9;/Users/sgartner/go/pkg/mod/golang.org/x/crypto@v0.31.0/ssh/mux.go:215 +0x30&#xA;golang.org/x/crypto/ssh.(*mux).loop(0x140006eaaf0)&#xA;&#x9;/Users/sgartner/go/pkg/mod/golang.org/x/crypto@v0.31.0/ssh/mux.go:190 +0x2c&#xA;created by golang.org/x/crypto/ssh.newMux in goroutine 1588&#xA;&#x9;/Users/sgartner/go/pkg/mod/golang.org/x/crypto@v0.31.0/ssh/mux.go:128 +0x168&#xA;&#xA;goroutine 1890 [sync.Cond.Wait, 17 minutes]:&#xA;sync.runtime_notifyListWait(0x140035413d0, 0x0)&#xA;&#x9;/opt/homebrew/Cellar/go/1.23.0/libexec/src/runtime/sema.go:587 +0x154&#xA;sync.(*Cond).Wait(0x140035413c0)&#xA;&#x9;/opt/homebrew/Cellar/go/1.23.0/libexec/src/sync/cond.go:71 +0xcc&#xA;golang.org/x/crypto/ssh.(*mux).Wait(0x1400098e4d0)&#xA;&#x9;/Users/sgartner/go/pkg/mod/golang.org/x/crypto@v0.31.0/ssh/mux.go:110 +0x84&#xA;golang.org/x/crypto/ssh.NewClient.func1()&#xA;&#x9;/Users/sgartner/go/pkg/mod/golang.org/x/crypto@v0.31.0/ssh/client.go:62 +0x30&#xA;created by golang.org/x/crypto/ssh.NewClient in goroutine 1588&#xA;&#x9;/Users/sgartner/go/pkg/mod/golang.org/x/crypto@v0.31.0/ssh/client.go:61 +0x15c&#xA;&#xA;goroutine 1304 [IO wait, 50 minutes]:&#xA;internal/poll.runtime_pollWait(0x12f17f968, 0x72)&#xA;&#x9;/opt/homebrew/Cellar/go/1.23.0/libexec/src/runtime/netpoll.go:351 +0xa0&#xA;internal/poll.(*pollDesc).wait(0x140005b4e80?, 0x140021f3000?, 0x0)&#xA;&#x9;/opt/homebrew/Cellar/go/1.23.0/libexec/src/internal/poll/fd_poll_runtime.go:84 +0x28&#xA;internal/poll.(*pollDesc).waitRead(...)&#xA;&#x9;/opt/homebrew/Cellar/go/1.23.0/libexec/src/internal/poll/fd_poll_runtime.go:89&#xA;internal/poll.(*FD).Read(0x140005b4e80, {0x140021f3000, 0x1000, 0x1000})&#xA;&#x9;/opt/homebrew/Cellar/go/1.23.0/libexec/src/internal/poll/fd_unix.go:165 +0x1fc&#xA;net.(*netFD).Read(0x140005b4e80, {0x140021f3000?, 0x14004692cc8?, 0x102393f88?})&#xA;&#x9;/opt/homebrew/Cellar/go/1.23.0/libexec/src/net/fd_posix.go:55 +0x28&#xA;net.(*conn).Read(0x140001a8a20, {0x140021f3000?, 0x270?, 0x14004692d48?})&#xA;&#x9;/opt/homebrew/Cellar/go/1.23.0/libexec/src/net/net.go:189 +0x34&#xA;bufio.(*Reader).Read(0x1400260c2a0, {0x1400087d230, 0x4, 0x102393718?})&#xA;&#x9;/opt/homebrew/Cellar/go/1.23.0/libexec/src/bufio/bufio.go:241 +0x1b4&#xA;io.ReadAtLeast({0x1054c6360, 0x1400260c2a0}, {0x1400087d230, 0x4, 0x4}, 0x4)&#xA;&#x9;/opt/homebrew/Cellar/go/1.23.0/libexec/src/io/io.go:335 +0xa0&#xA;io.ReadFull(...)&#xA;&#x9;/opt/homebrew/Cellar/go/1.23.0/libexec/src/io/io.go:354&#xA;golang.org/x/crypto/ssh.(*gcmCipher).readCipherPacket(0x1400087d220, 0x0?, {0x1054c6360, 0x1400260c2a0})&#xA;&#x9;/Users/sgartner/go/pkg/mod/golang.org/x/crypto@v0.31.0/ssh/cipher.go:373 +0x50&#xA;golang.org/x/crypto/ssh.(*connectionState).readPacket(0x140021cf680, 0x102327c98?, 0x0)&#xA;&#x9;/Users/sgartner/go/pkg/mod/golang.org/x/crypto@v0.31.0/ssh/transport.go:147 +0x48&#xA;golang.org/x/crypto/ssh.(*transport).readPacket(0x140021cf680)&#xA;&#x9;/Users/sgartner/go/pkg/mod/golang.org/x/crypto@v0.31.0/ssh/transport.go:130 +0x30&#xA;golang.org/x/crypto/ssh.(*handshakeTransport).readOnePacket(0x140020ce1a0, 0x0)&#xA;&#x9;/Users/sgartner/go/pkg/mod/golang.org/x/crypto@v0.31.0/ssh/handshake.go:400 +0x38&#xA;golang.org/x/crypto/ssh.(*handshakeTransport).readLoop(0x140020ce1a0)&#xA;&#x9;/Users/sgartner/go/pkg/mod/golang.org/x/crypto@v0.31.0/ssh/handshake.go:219 +0x38&#xA;created by golang.org/x/crypto/ssh.newClientTransport in goroutine 1041&#xA;&#x9;/Users/sgartner/go/pkg/mod/golang.org/x/crypto@v0.31.0/ssh/handshake.go:155 +0x1d8&#xA;&#xA;goroutine 1337 [chan receive, 50 minutes]:&#xA;golang.org/x/crypto/ssh.(*handshakeTransport).readPacket(0x1400119d6c0)&#xA;&#x9;/Users/sgartner/go/pkg/mod/golang.org/x/crypto@v0.31.0/ssh/handshake.go:209 +0x34&#xA;golang.org/x/crypto/ssh.(*mux).onePacket(0x1400054a620)&#xA;&#x9;/Users/sgartner/go/pkg/mod/golang.org/x/crypto@v0.31.0/ssh/mux.go:215 +0x30&#xA;golang.org/x/crypto/ssh.(*mux).loop(0x1400054a620)&#xA;&#x9;/Users/sgartner/go/pkg/mod/golang.org/x/crypto@v0.31.0/ssh/mux.go:190 +0x2c&#xA;created by golang.org/x/crypto/ssh.newMux in goroutine 1041&#xA;&#x9;/Users/sgartner/go/pkg/mod/golang.org/x/crypto@v0.31.0/ssh/mux.go:128 +0x168&#xA;&#xA;goroutine 1338 [chan receive, 50 minutes]:&#xA;golang.org/x/crypto/ssh.(*Client).handleGlobalRequests(...)&#xA;&#x9;/Users/sgartner/go/pkg/mod/golang.org/x/crypto@v0.31.0/ssh/client.go:142&#xA;created by golang.org/x/crypto/ssh.NewClient in goroutine 1041&#xA;&#x9;/Users/sgartner/go/pkg/mod/golang.org/x/crypto@v0.31.0/ssh/client.go:59 +0xcc&#xA;&#xA;goroutine 1339 [chan receive, 50 minutes]:&#xA;golang.org/x/crypto/ssh.(*Client).handleChannelOpens(0x14000332e10, 0x1400054a3f0)&#xA;&#x9;/Users/sgartner/go/pkg/mod/golang.org/x/crypto@v0.31.0/ssh/client.go:151 +0x40&#xA;created by golang.org/x/crypto/ssh.NewClient in goroutine 1041&#xA;&#x9;/Users/sgartner/go/pkg/mod/golang.org/x/crypto@v0.31.0/ssh/client.go:60 +0x11c&#xA;&#xA;goroutine 1340 [sync.Cond.Wait, 50 minutes]:&#xA;sync.runtime_notifyListWait(0x140015ab3d0, 0x0)&#xA;&#x9;/opt/homebrew/Cellar/go/1.23.0/libexec/src/runtime/sema.go:587 +0x154&#xA;sync.(*Cond).Wait(0x140015ab3c0)&#xA;&#x9;/opt/homebrew/Cellar/go/1.23.0/libexec/src/sync/cond.go:71 +0xcc&#xA;golang.org/x/crypto/ssh.(*mux).Wait(0x1400054a620)&#xA;&#x9;/Users/sgartner/go/pkg/mod/golang.org/x/crypto@v0.31.0/ssh/mux.go:110 +0x84&#xA;golang.org/x/crypto/ssh.NewClient.func1()&#xA;&#x9;/Users/sgartner/go/pkg/mod/golang.org/x/crypto@v0.31.0/ssh/client.go:62 +0x30&#xA;created by golang.org/x/crypto/ssh.NewClient in goroutine 1041&#xA;&#x9;/Users/sgartner/go/pkg/mod/golang.org/x/crypto@v0.31.0/ssh/client.go:61 +0x15c&#xA;&#xA;goroutine 1875 [IO wait, 17 minutes]:&#xA;internal/poll.runtime_pollWait(0x12e7e82e0, 0x72)&#xA;&#x9;/opt/homebrew/Cellar/go/1.23.0/libexec/src/runtime/netpoll.go:351 +0xa0&#xA;internal/poll.(*pollDesc).wait(0x14000783480?, 0x14002878000?, 0x0)&#xA;&#x9;/opt/homebrew/Cellar/go/1.23.0/libexec/src/internal/poll/fd_poll_runtime.go:84 +0x28&#xA;internal/poll.(*pollDesc).waitRead(...)&#xA;&#x9;/opt/homebrew/Cellar/go/1.23.0/libexec/src/internal/poll/fd_poll_runtime.go:89&#xA;internal/poll.(*FD).Read(0x14000783480, {0x14002878000, 0x1000, 0x1000})&#xA;&#x9;/opt/homebrew/Cellar/go/1.23.0/libexec/src/internal/poll/fd_unix.go:165 +0x1fc&#xA;net.(*netFD).Read(0x14000783480, {0x14002878000?, 0x1023a4160?, 0x140002fcce8?})&#xA;&#x9;/opt/homebrew/Cellar/go/1.23.0/libexec/src/net/fd_posix.go:55 +0x28&#xA;net.(*conn).Read(0x14000818610, {0x14002878000?, 0x270?, 0x140023bad48?})&#xA;&#x9;/opt/homebrew/Cellar/go/1.23.0/libexec/src/net/net.go:189 +0x34&#xA;bufio.(*Reader).Read(0x14001ac2840, {0x1400087d780, 0x4, 0x102393718?})&#xA;&#x9;/opt/homebrew/Cellar/go/1.23.0/libexec/src/bufio/bufio.go:241 +0x1b4&#xA;io.ReadAtLeast({0x1054c6360, 0x14001ac2840}, {0x1400087d780, 0x4, 0x4}, 0x4)&#xA;&#x9;/opt/homebrew/Cellar/go/1.23.0/libexec/src/io/io.go:335 +0xa0&#xA;io.ReadFull(...)&#xA;&#x9;/opt/homebrew/Cellar/go/1.23.0/libexec/src/io/io.go:354&#xA;golang.org/x/crypto/ssh.(*gcmCipher).readCipherPacket(0x1400087d770, 0x0?, {0x1054c6360, 0x14001ac2840})&#xA;&#x9;/Users/sgartner/go/pkg/mod/golang.org/x/crypto@v0.31.0/ssh/cipher.go:373 +0x50&#xA;golang.org/x/crypto/ssh.(*connectionState).readPacket(0x14002811c20, 0x102327c98?, 0x0)&#xA;&#x9;/Users/sgartner/go/pkg/mod/golang.org/x/crypto@v0.31.0/ssh/transport.go:147 +0x48&#xA;golang.org/x/crypto/ssh.(*transport).readPacket(0x14002811c20)&#xA;&#x9;/Users/sgartner/go/pkg/mod/golang.org/x/crypto@v0.31.0/ssh/transport.go:130 +0x30&#xA;golang.org/x/crypto/ssh.(*handshakeTransport).readOnePacket(0x140020ced00, 0x0)&#xA;&#x9;/Users/sgartner/go/pkg/mod/golang.org/x/crypto@v0.31.0/ssh/handshake.go:400 +0x38&#xA;golang.org/x/crypto/ssh.(*handshakeTransport).readLoop(0x140020ced00)&#xA;&#x9;/Users/sgartner/go/pkg/mod/golang.org/x/crypto@v0.31.0/ssh/handshake.go:219 +0x38&#xA;created by golang.org/x/crypto/ssh.newClientTransport in goroutine 1588&#xA;&#x9;/Users/sgartner/go/pkg/mod/golang.org/x/crypto@v0.31.0/ssh/handshake.go:155 +0x1d8&#xA;&#xA;goroutine 1866 [sync.Cond.Wait, 17 minutes]:&#xA;sync.runtime_notifyListWait(0x14000298dc8, 0x4)&#xA;&#x9;/opt/homebrew/Cellar/go/1.23.0/libexec/src/runtime/sema.go:587 +0x154&#xA;sync.(*Cond).Wait(0x14000298db8)&#xA;&#x9;/opt/homebrew/Cellar/go/1.23.0/libexec/src/sync/cond.go:71 +0xcc&#xA;golang.org/x/net/http2.(*pipe).Read(0x14000298db0, {0x140029aa001, 0x1dff, 0x1dff})&#xA;&#x9;/Users/sgartner/go/pkg/mod/golang.org/x/net@v0.33.0/http2/pipe.go:76 +0x104&#xA;golang.org/x/net/http2.transportResponseBody.Read({0x140029c9c98?}, {0x140029aa001?, 0x140029c9c68?, 0x102373668?})&#xA;&#x9;/Users/sgartner/go/pkg/mod/golang.org/x/net@v0.33.0/http2/transport.go:2803 +0x50&#xA;encoding/json.(*Decoder).refill(0x140005d7040)&#xA;&#x9;/opt/homebrew/Cellar/go/1.23.0/libexec/src/encoding/json/stream.go:165 +0x164&#xA;encoding/json.(*Decoder).readValue(0x140005d7040)&#xA;&#x9;/opt/homebrew/Cellar/go/1.23.0/libexec/src/encoding/json/stream.go:140 +0x74&#xA;encoding/json.(*Decoder).Decode(0x140005d7040, {0x104f90a60, 0x14002214af8})&#xA;&#x9;/opt/homebrew/Cellar/go/1.23.0/libexec/src/encoding/json/stream.go:63 +0x5c&#xA;k8s.io/apimachinery/pkg/util/framer.(*jsonFrameReader).Read(0x140020e2f60, {0x140029ae000, 0x2000, 0x2500})&#xA;&#x9;/Users/sgartner/go/pkg/mod/k8s.io/apimachinery@v0.31.1/pkg/util/framer/framer.go:151 +0x168&#xA;k8s.io/apimachinery/pkg/runtime/serializer/streaming.(*decoder).Decode(0x1400087d680, 0x0, {0x1054d1578, 0x14001aa77c0})&#xA;&#x9;/Users/sgartner/go/pkg/mod/k8s.io/apimachinery@v0.31.1/pkg/runtime/serializer/streaming/streaming.go:77 +0x88&#xA;k8s.io/client-go/rest/watch.(*Decoder).Decode(0x140005da2a0)&#xA;&#x9;/Users/sgartner/go/pkg/mod/k8s.io/client-go@v0.31.1/rest/watch/decoder.go:49 +0x5c&#xA;k8s.io/apimachinery/pkg/watch.(*StreamWatcher).receive(0x14001408fc0)&#xA;&#x9;/Users/sgartner/go/pkg/mod/k8s.io/apimachinery@v0.31.1/pkg/watch/streamwatcher.go:105 +0xa8&#xA;created by k8s.io/apimachinery/pkg/watch.NewStreamWatcher in goroutine 1588&#xA;&#x9;/Users/sgartner/go/pkg/mod/k8s.io/apimachinery@v0.31.1/pkg/watch/streamwatcher.go:76 +0x104&#xA;&#xA;goroutine 1886 [IO wait, 17 minutes]:&#xA;internal/poll.runtime_pollWait(0x12e7e85f8, 0x72)&#xA;&#x9;/opt/homebrew/Cellar/go/1.23.0/libexec/src/runtime/netpoll.go:351 +0xa0&#xA;internal/poll.(*pollDesc).wait(0x1400355b400?, 0x14002a08000?, 0x0)&#xA;&#x9;/opt/homebrew/Cellar/go/1.23.0/libexec/src/internal/poll/fd_poll_runtime.go:84 +0x28&#xA;internal/poll.(*pollDesc).waitRead(...)&#xA;&#x9;/opt/homebrew/Cellar/go/1.23.0/libexec/src/internal/poll/fd_poll_runtime.go:89&#xA;internal/poll.(*FD).Read(0x1400355b400, {0x14002a08000, 0x1000, 0x1000})&#xA;&#x9;/opt/homebrew/Cellar/go/1.23.0/libexec/src/internal/poll/fd_unix.go:165 +0x1fc&#xA;net.(*netFD).Read(0x1400355b400, {0x14002a08000?, 0x0?, 0x102393f88?})&#xA;&#x9;/opt/homebrew/Cellar/go/1.23.0/libexec/src/net/fd_posix.go:55 +0x28&#xA;net.(*conn).Read(0x14000818650, {0x14002a08000?, 0x270?, 0x140023bcd48?})&#xA;&#x9;/opt/homebrew/Cellar/go/1.23.0/libexec/src/net/net.go:189 +0x34&#xA;bufio.(*Reader).Read(0x14001ac2b40, {0x14000333af0, 0x4, 0x102393718?})&#xA;&#x9;/opt/homebrew/Cellar/go/1.23.0/libexec/src/bufio/bufio.go:241 +0x1b4&#xA;io.ReadAtLeast({0x1054c6360, 0x14001ac2b40}, {0x14000333af0, 0x4, 0x4}, 0x4)&#xA;&#x9;/opt/homebrew/Cellar/go/1.23.0/libexec/src/io/io.go:335 +0xa0&#xA;io.ReadFull(...)&#xA;&#x9;/opt/homebrew/Cellar/go/1.23.0/libexec/src/io/io.go:354&#xA;golang.org/x/crypto/ssh.(*gcmCipher).readCipherPacket(0x14000333ae0, 0x0?, {0x1054c6360, 0x14001ac2b40})&#xA;&#x9;/Users/sgartner/go/pkg/mod/golang.org/x/crypto@v0.31.0/ssh/cipher.go:373 +0x50&#xA;golang.org/x/crypto/ssh.(*connectionState).readPacket(0x14002a04240, 0x102327c98?, 0x0)&#xA;&#x9;/Users/sgartner/go/pkg/mod/golang.org/x/crypto@v0.31.0/ssh/transport.go:147 +0x48&#xA;golang.org/x/crypto/ssh.(*transport).readPacket(0x14002a04240)&#xA;&#x9;/Users/sgartner/go/pkg/mod/golang.org/x/crypto@v0.31.0/ssh/transport.go:130 +0x30&#xA;golang.org/x/crypto/ssh.(*handshakeTransport).readOnePacket(0x140020cf1e0, 0x0)&#xA;&#x9;/Users/sgartner/go/pkg/mod/golang.org/x/crypto@v0.31.0/ssh/handshake.go:400 +0x38&#xA;golang.org/x/crypto/ssh.(*handshakeTransport).readLoop(0x140020cf1e0)&#xA;&#x9;/Users/sgartner/go/pkg/mod/golang.org/x/crypto@v0.31.0/ssh/handshake.go:219 +0x38&#xA;created by golang.org/x/crypto/ssh.newClientTransport in goroutine 1588&#xA;&#x9;/Users/sgartner/go/pkg/mod/golang.org/x/crypto@v0.31.0/ssh/handshake.go:155 +0x1d8&#xA;&#xA;goroutine 1865 [select, 17 minutes]:&#xA;golang.org/x/net/http2.(*clientStream).writeRequest(0x14000298d80, 0x140002e2dc0, 0x0)&#xA;&#x9;/Users/sgartner/go/pkg/mod/golang.org/x/net@v0.33.0/http2/transport.go:1621 +0x9e4&#xA;golang.org/x/net/http2.(*clientStream).doRequest(0x14000298d80, 0x22?, 0x105501790?)&#xA;&#x9;/Users/sgartner/go/pkg/mod/golang.org/x/net@v0.33.0/http2/transport.go:1478 +0x58&#xA;created by golang.org/x/net/http2.(*ClientConn).roundTrip in goroutine 1588&#xA;&#x9;/Users/sgartner/go/pkg/mod/golang.org/x/net@v0.33.0/http2/transport.go:1383 +0x374&#xA;&#xA;goroutine 1864 [IO wait]:&#xA;internal/poll.runtime_pollWait(0x12e7e9048, 0x72)&#xA;&#x9;/opt/homebrew/Cellar/go/1.23.0/libexec/src/runtime/netpoll.go:351 +0xa0&#xA;internal/poll.(*pollDesc).wait(0x1400355a680?, 0x140022c6600?, 0x0)&#xA;&#x9;/opt/homebrew/Cellar/go/1.23.0/libexec/src/internal/poll/fd_poll_runtime.go:84 +0x28&#xA;internal/poll.(*pollDesc).waitRead(...)&#xA;&#x9;/opt/homebrew/Cellar/go/1.23.0/libexec/src/internal/poll/fd_poll_runtime.go:89&#xA;internal/poll.(*FD).Read(0x1400355a680, {0x140022c6600, 0x1300, 0x1300})&#xA;&#x9;/opt/homebrew/Cellar/go/1.23.0/libexec/src/internal/poll/fd_unix.go:165 +0x1fc&#xA;net.(*netFD).Read(0x1400355a680, {0x140022c6600?, 0x140022cb6d0?, 0xd?})&#xA;&#x9;/opt/homebrew/Cellar/go/1.23.0/libexec/src/net/fd_posix.go:55 +0x28&#xA;net.(*conn).Read(0x14000852fe0, {0x140022c6600?, 0x140022c6605?, 0x6?})&#xA;&#x9;/opt/homebrew/Cellar/go/1.23.0/libexec/src/net/net.go:189 +0x34&#xA;crypto/tls.(*atLeastReader).Read(0x14002214030, {0x140022c6600?, 0x0?, 0x14002214030?})&#xA;&#x9;/opt/homebrew/Cellar/go/1.23.0/libexec/src/crypto/tls/conn.go:809 +0x40&#xA;bytes.(*Buffer).ReadFrom(0x140022cb7b8, {0x1054c7820, 0x14002214030})&#xA;&#x9;/opt/homebrew/Cellar/go/1.23.0/libexec/src/bytes/buffer.go:211 +0x90&#xA;crypto/tls.(*Conn).readFromUntil(0x140022cb508, {0x12e743b98, 0x14000852fe0}, 0x0?)&#xA;&#x9;/opt/homebrew/Cellar/go/1.23.0/libexec/src/crypto/tls/conn.go:831 +0xd0&#xA;crypto/tls.(*Conn).readRecordOrCCS(0x140022cb508, 0x0)&#xA;&#x9;/opt/homebrew/Cellar/go/1.23.0/libexec/src/crypto/tls/conn.go:629 +0x35c&#xA;crypto/tls.(*Conn).readRecord(...)&#xA;&#x9;/opt/homebrew/Cellar/go/1.23.0/libexec/src/crypto/tls/conn.go:591&#xA;crypto/tls.(*Conn).Read(0x140022cb508, {0x1400234d000, 0x1000, 0x1400006e008?})&#xA;&#x9;/opt/homebrew/Cellar/go/1.23.0/libexec/src/crypto/tls/conn.go:1385 +0x164&#xA;bufio.(*Reader).Read(0x140025bc960, {0x14001d32120, 0x9, 0x102328988?})&#xA;&#x9;/opt/homebrew/Cellar/go/1.23.0/libexec/src/bufio/bufio.go:241 +0x1b4&#xA;io.ReadAtLeast({0x1054c6360, 0x140025bc960}, {0x14001d32120, 0x9, 0x9}, 0x9)&#xA;&#x9;/opt/homebrew/Cellar/go/1.23.0/libexec/src/io/io.go:335 +0xa0&#xA;io.ReadFull(...)&#xA;&#x9;/opt/homebrew/Cellar/go/1.23.0/libexec/src/io/io.go:354&#xA;golang.org/x/net/http2.readFrameHeader({0x14001d32120, 0x9, 0x104ef79a0?}, {0x1054c6360?, 0x140025bc960?})&#xA;&#x9;/Users/sgartner/go/pkg/mod/golang.org/x/net@v0.33.0/http2/frame.go:237 +0x58&#xA;golang.org/x/net/http2.(*Framer).ReadFrame(0x14001d320e0)&#xA;&#x9;/Users/sgartner/go/pkg/mod/golang.org/x/net@v0.33.0/http2/frame.go:501 +0x78&#xA;golang.org/x/net/http2.(*clientConnReadLoop).run(0x14000c3ef98)&#xA;&#x9;/Users/sgartner/go/pkg/mod/golang.org/x/net@v0.33.0/http2/transport.go:2498 +0xcc&#xA;golang.org/x/net/http2.(*ClientConn).readLoop(0x14002849dc0)&#xA;&#x9;/Users/sgartner/go/pkg/mod/golang.org/x/net@v0.33.0/http2/transport.go:2377 +0x78&#xA;created by golang.org/x/net/http2.(*Transport).newClientConn in goroutine 1863&#xA;&#x9;/Users/sgartner/go/pkg/mod/golang.org/x/net@v0.33.0/http2/transport.go:911 +0xb64&#xA;&#xA;goroutine 1867 [chan receive, 17 minutes]:&#xA;golang.org/x/crypto/ssh.(*handshakeTransport).readPacket(0x140020ced00)&#xA;&#x9;/Users/sgartner/go/pkg/mod/golang.org/x/crypto@v0.31.0/ssh/handshake.go:209 +0x34&#xA;golang.org/x/crypto/ssh.(*mux).onePacket(0x140006fe230)&#xA;&#x9;/Users/sgartner/go/pkg/mod/golang.org/x/crypto@v0.31.0/ssh/mux.go:215 +0x30&#xA;golang.org/x/crypto/ssh.(*mux).loop(0x140006fe230)&#xA;&#x9;/Users/sgartner/go/pkg/mod/golang.org/x/crypto@v0.31.0/ssh/mux.go:190 +0x2c&#xA;created by golang.org/x/crypto/ssh.newMux in goroutine 1588&#xA;&#x9;/Users/sgartner/go/pkg/mod/golang.org/x/crypto@v0.31.0/ssh/mux.go:128 +0x168&#xA;&#xA;goroutine 1868 [chan receive, 17 minutes]:&#xA;golang.org/x/crypto/ssh.(*Client).handleGlobalRequests(...)&#xA;&#x9;/Users/sgartner/go/pkg/mod/golang.org/x/crypto@v0.31.0/ssh/client.go:142&#xA;created by golang.org/x/crypto/ssh.NewClient in goroutine 1588&#xA;&#x9;/Users/sgartner/go/pkg/mod/golang.org/x/crypto@v0.31.0/ssh/client.go:59 +0xcc&#xA;&#xA;goroutine 1869 [chan receive, 17 minutes]:&#xA;golang.org/x/crypto/ssh.(*Client).handleChannelOpens(0x1400087d860, 0x140006fe000)&#xA;&#x9;/Users/sgartner/go/pkg/mod/golang.org/x/crypto@v0.31.0/ssh/client.go:151 +0x40&#xA;created by golang.org/x/crypto/ssh.NewClient in goroutine 1588&#xA;&#x9;/Users/sgartner/go/pkg/mod/golang.org/x/crypto@v0.31.0/ssh/client.go:60 +0x11c&#xA;&#xA;goroutine 1870 [sync.Cond.Wait, 17 minutes]:&#xA;sync.runtime_notifyListWait(0x14001409250, 0x0)&#xA;&#x9;/opt/homebrew/Cellar/go/1.23.0/libexec/src/runtime/sema.go:587 +0x154&#xA;sync.(*Cond).Wait(0x14001409240)&#xA;&#x9;/opt/homebrew/Cellar/go/1.23.0/libexec/src/sync/cond.go:71 +0xcc&#xA;golang.org/x/crypto/ssh.(*mux).Wait(0x140006fe230)&#xA;&#x9;/Users/sgartner/go/pkg/mod/golang.org/x/crypto@v0.31.0/ssh/mux.go:110 +0x84&#xA;golang.org/x/crypto/ssh.NewClient.func1()&#xA;&#x9;/Users/sgartner/go/pkg/mod/golang.org/x/crypto@v0.31.0/ssh/client.go:62 +0x30&#xA;created by golang.org/x/crypto/ssh.NewClient in goroutine 1588&#xA;&#x9;/Users/sgartner/go/pkg/mod/golang.org/x/crypto@v0.31.0/ssh/client.go:61 +0x15c&#xA;&#xA;goroutine 1880 [IO wait, 17 minutes]:&#xA;internal/poll.runtime_pollWait(0x12e7e84f0, 0x72)&#xA;&#x9;/opt/homebrew/Cellar/go/1.23.0/libexec/src/runtime/netpoll.go:351 +0xa0&#xA;internal/poll.(*pollDesc).wait(0x1400355ac80?, 0x14002a02000?, 0x0)&#xA;&#x9;/opt/homebrew/Cellar/go/1.23.0/libexec/src/internal/poll/fd_poll_runtime.go:84 +0x28&#xA;internal/poll.(*pollDesc).waitRead(...)&#xA;&#x9;/opt/homebrew/Cellar/go/1.23.0/libexec/src/internal/poll/fd_poll_runtime.go:89&#xA;internal/poll.(*FD).Read(0x1400355ac80, {0x14002a02000, 0x1000, 0x1000})&#xA;&#x9;/opt/homebrew/Cellar/go/1.23.0/libexec/src/internal/poll/fd_unix.go:165 +0x1fc&#xA;net.(*netFD).Read(0x1400355ac80, {0x14002a02000?, 0x14002b98cc8?, 0x102393f88?})&#xA;&#x9;/opt/homebrew/Cellar/go/1.23.0/libexec/src/net/fd_posix.go:55 +0x28&#xA;net.(*conn).Read(0x14000818630, {0x14002a02000?, 0x270?, 0x14002b98d48?})&#xA;&#x9;/opt/homebrew/Cellar/go/1.23.0/libexec/src/net/net.go:189 +0x34&#xA;bufio.(*Reader).Read(0x14001ac2a80, {0x14000180f10, 0x4, 0x102393718?})&#xA;&#x9;/opt/homebrew/Cellar/go/1.23.0/libexec/src/bufio/bufio.go:241 +0x1b4&#xA;io.ReadAtLeast({0x1054c6360, 0x14001ac2a80}, {0x14000180f10, 0x4, 0x4}, 0x4)&#xA;&#x9;/opt/homebrew/Cellar/go/1.23.0/libexec/src/io/io.go:335 +0xa0&#xA;io.ReadFull(...)&#xA;&#x9;/opt/homebrew/Cellar/go/1.23.0/libexec/src/io/io.go:354&#xA;golang.org/x/crypto/ssh.(*gcmCipher).readCipherPacket(0x14000180f00, 0x0?, {0x1054c6360, 0x14001ac2a80})&#xA;&#x9;/Users/sgartner/go/pkg/mod/golang.org/x/crypto@v0.31.0/ssh/cipher.go:373 +0x50&#xA;golang.org/x/crypto/ssh.(*connectionState).readPacket(0x14002a04000, 0x102327c98?, 0x0)&#xA;&#x9;/Users/sgartner/go/pkg/mod/golang.org/x/crypto@v0.31.0/ssh/transport.go:147 +0x48&#xA;golang.org/x/crypto/ssh.(*transport).readPacket(0x14002a04000)&#xA;&#x9;/Users/sgartner/go/pkg/mod/golang.org/x/crypto@v0.31.0/ssh/transport.go:130 +0x30&#xA;golang.org/x/crypto/ssh.(*handshakeTransport).readOnePacket(0x140020cf040, 0x0)&#xA;&#x9;/Users/sgartner/go/pkg/mod/golang.org/x/crypto@v0.31.0/ssh/handshake.go:400 +0x38&#xA;golang.org/x/crypto/ssh.(*handshakeTransport).readLoop(0x140020cf040)&#xA;&#x9;/Users/sgartner/go/pkg/mod/golang.org/x/crypto@v0.31.0/ssh/handshake.go:219 +0x38&#xA;created by golang.org/x/crypto/ssh.newClientTransport in goroutine 1588&#xA;&#x9;/Users/sgartner/go/pkg/mod/golang.org/x/crypto@v0.31.0/ssh/handshake.go:155 +0x1d8&#xA;&#xA;goroutine 1777 [chan receive, 17 minutes]:&#xA;golang.org/x/crypto/ssh.(*Client).handleChannelOpens(0x14000181310, 0x1400098e150)&#xA;&#x9;/Users/sgartner/go/pkg/mod/golang.org/x/crypto@v0.31.0/ssh/client.go:151 +0x40&#xA;created by golang.org/x/crypto/ssh.NewClient in goroutine 1588&#xA;&#x9;/Users/sgartner/go/pkg/mod/golang.org/x/crypto@v0.31.0/ssh/client.go:60 +0x11c&#xA;&#xA;goroutine 1776 [chan receive, 17 minutes]:&#xA;golang.org/x/crypto/ssh.(*Client).handleGlobalRequests(...)&#xA;&#x9;/Users/sgartner/go/pkg/mod/golang.org/x/crypto@v0.31.0/ssh/client.go:142&#xA;created by golang.org/x/crypto/ssh.NewClient in goroutine 1588&#xA;&#x9;/Users/sgartner/go/pkg/mod/golang.org/x/crypto@v0.31.0/ssh/client.go:59 +0xcc&#xA;&#xA;goroutine 1775 [chan receive, 17 minutes]:&#xA;golang.org/x/crypto/ssh.(*handshakeTransport).readPacket(0x140020cf1e0)&#xA;&#x9;/Users/sgartner/go/pkg/mod/golang.org/x/crypto@v0.31.0/ssh/handshake.go:209 +0x34&#xA;golang.org/x/crypto/ssh.(*mux).onePacket(0x1400098e4d0)&#xA;&#x9;/Users/sgartner/go/pkg/mod/golang.org/x/crypto@v0.31.0/ssh/mux.go:215 +0x30&#xA;golang.org/x/crypto/ssh.(*mux).loop(0x1400098e4d0)&#xA;&#x9;/Users/sgartner/go/pkg/mod/golang.org/x/crypto@v0.31.0/ssh/mux.go:190 +0x2c&#xA;created by golang.org/x/crypto/ssh.newMux in goroutine 1588&#xA;&#x9;/Users/sgartner/go/pkg/mod/golang.org/x/crypto@v0.31.0/ssh/mux.go:128 +0x168&#xA;FAIL&#x9;github.com/rancher/rancher/tests/v2/validation/provisioning/k3s&#x9;3601.221s&#xA;</failure>
		</testcase>
		<testcase classname="github.com/rancher/rancher/tests/v2/validation/provisioning/k3s" name="TestCustomClusterK3SProvisioningTestSuite" time="-0.000000">
			<failure message="Failed" type="">=== RUN   TestCustomClusterK3SProvisioningTestSuite&#xA;=== RUN   TestCustomClusterK3SProvisioningTestSuite/TestProvisioningK3SCustomCluster&#xA;=== RUN   TestCustomClusterK3SProvisioningTestSuite/TestProvisioningK3SCustomCluster/1_Node_all_roles_Standard_User_Node_Provider:_ec2_Kubernetes_version:_v1.28.15+k3s1_cni:_calico&#xA;time=2025-01-17T10:28:45-06:00 level=info msg=Execute Registration Command for node i-0e1e208765a15b719&#xA;time=2025-01-17T10:28:45-06:00 level=info msg=Linux pool detected, using bash...&#xA;time=2025-01-17T10:28:45-06:00 level=info msg=Command:  curl --insecure -fL https://sdg-test-2812.qa.rancher.space/system-agent-install.sh | sudo  sh -s - --server https://sdg-test-2812.qa.rancher.space --label &#39;cattle.io/os=linux&#39; --token 86v5cffvbc887zhnfjl2xkffg2xdn5nms68vfh56pcwnjcdd9xtgzf --ca-checksum 143c6b14709d82ab0807e7648db2ca54b97ed57ad0d69ae34b5a12d1b79f8e2f  --controlplane --etcd --worker&#xA;time=2025-01-17T10:28:48-06:00 level=info msg=[INFO]  Label: cattle.io/os=linux&#xA;[INFO]  Role requested: controlplane&#xA;[INFO]  Role requested: etcd&#xA;[INFO]  Role requested: worker&#xA;[INFO]  CA strict verification is set to false&#xA;[INFO]  Using default agent configuration directory /etc/rancher/agent&#xA;[INFO]  Using default agent var directory /var/lib/rancher/agent&#xA;[INFO]  Determined CA is necessary to connect to Rancher&#xA;[INFO]  Successfully downloaded CA certificate&#xA;[INFO]  Value from https://sdg-test-2812.qa.rancher.space/cacerts is an x509 certificate&#xA;[INFO]  Successfully tested Rancher connection&#xA;[INFO]  Downloading rancher-system-agent binary from https://sdg-test-2812.qa.rancher.space/assets/rancher-system-agent-amd64&#xA;[INFO]  Successfully downloaded the rancher-system-agent binary.&#xA;[INFO]  Downloading rancher-system-agent-uninstall.sh script from https://sdg-test-2812.qa.rancher.space/assets/system-agent-uninstall.sh&#xA;[INFO]  Successfully downloaded the rancher-system-agent-uninstall.sh script.&#xA;[INFO]  Generating Cattle ID&#xA;[INFO]  Successfully downloaded Rancher connection information&#xA;[INFO]  systemd: Creating service file&#xA;[INFO]  Creating environment file /etc/systemd/system/rancher-system-agent.env&#xA;[INFO]  Enabling rancher-system-agent.service&#xA;[INFO]  Starting/restarting rancher-system-agent.service&#xA;&#xA;time=2025-01-17T10:30:24-06:00 level=info msg=Cluster status is active!&#xA;time=2025-01-17T10:30:39-06:00 level=info msg=Cluster status is active!&#xA;time=2025-01-17T10:30:40-06:00 level=info msg=serviceAccountTokenSecret in this cluster is: cluster-serviceaccounttoken-pdrl8&#xA;time=2025-01-17T10:30:40-06:00 level=info msg=All nodes in the cluster are running!&#xA;=== RUN   TestCustomClusterK3SProvisioningTestSuite/TestProvisioningK3SCustomCluster/2_nodes_-_etcd|cp_roles_per_1_node_Standard_User_Node_Provider:_ec2_Kubernetes_version:_v1.28.15+k3s1_cni:_calico&#xA;time=2025-01-17T10:34:42-06:00 level=info msg=Execute Registration Command for node i-0492e23fe3b7d83a8&#xA;time=2025-01-17T10:34:42-06:00 level=info msg=Linux pool detected, using bash...&#xA;time=2025-01-17T10:34:42-06:00 level=info msg=Command:  curl --insecure -fL https://sdg-test-2812.qa.rancher.space/system-agent-install.sh | sudo  sh -s - --server https://sdg-test-2812.qa.rancher.space --label &#39;cattle.io/os=linux&#39; --token cnmzdqfr2knmfxhrx884qxfdpv9t9bb8whdsw6cv6dwjdp4wjmj6mv --ca-checksum 143c6b14709d82ab0807e7648db2ca54b97ed57ad0d69ae34b5a12d1b79f8e2f  --controlplane --etcd&#xA;time=2025-01-17T10:34:45-06:00 level=info msg=[INFO]  Label: cattle.io/os=linux&#xA;[INFO]  Role requested: controlplane&#xA;[INFO]  Role requested: etcd&#xA;[INFO]  CA strict verification is set to false&#xA;[INFO]  Using default agent configuration directory /etc/rancher/agent&#xA;[INFO]  Using default agent var directory /var/lib/rancher/agent&#xA;[INFO]  Determined CA is necessary to connect to Rancher&#xA;[INFO]  Successfully downloaded CA certificate&#xA;[INFO]  Value from https://sdg-test-2812.qa.rancher.space/cacerts is an x509 certificate&#xA;[INFO]  Successfully tested Rancher connection&#xA;[INFO]  Downloading rancher-system-agent binary from https://sdg-test-2812.qa.rancher.space/assets/rancher-system-agent-amd64&#xA;[INFO]  Successfully downloaded the rancher-system-agent binary.&#xA;[INFO]  Downloading rancher-system-agent-uninstall.sh script from https://sdg-test-2812.qa.rancher.space/assets/system-agent-uninstall.sh&#xA;[INFO]  Successfully downloaded the rancher-system-agent-uninstall.sh script.&#xA;[INFO]  Generating Cattle ID&#xA;[INFO]  Successfully downloaded Rancher connection information&#xA;[INFO]  systemd: Creating service file&#xA;[INFO]  Creating environment file /etc/systemd/system/rancher-system-agent.env&#xA;[INFO]  Enabling rancher-system-agent.service&#xA;[INFO]  Starting/restarting rancher-system-agent.service&#xA;&#xA;time=2025-01-17T10:34:45-06:00 level=info msg=Execute Registration Command for node i-07c11c48623b6e106&#xA;time=2025-01-17T10:34:45-06:00 level=info msg=Linux pool detected, using bash...&#xA;time=2025-01-17T10:34:45-06:00 level=info msg=Command:  curl --insecure -fL https://sdg-test-2812.qa.rancher.space/system-agent-install.sh | sudo  sh -s - --server https://sdg-test-2812.qa.rancher.space --label &#39;cattle.io/os=linux&#39; --token cnmzdqfr2knmfxhrx884qxfdpv9t9bb8whdsw6cv6dwjdp4wjmj6mv --ca-checksum 143c6b14709d82ab0807e7648db2ca54b97ed57ad0d69ae34b5a12d1b79f8e2f  --worker&#xA;time=2025-01-17T10:34:47-06:00 level=info msg=[INFO]  Label: cattle.io/os=linux&#xA;[INFO]  Role requested: worker&#xA;[INFO]  CA strict verification is set to false&#xA;[INFO]  Using default agent configuration directory /etc/rancher/agent&#xA;[INFO]  Using default agent var directory /var/lib/rancher/agent&#xA;[INFO]  Determined CA is necessary to connect to Rancher&#xA;[INFO]  Successfully downloaded CA certificate&#xA;[INFO]  Value from https://sdg-test-2812.qa.rancher.space/cacerts is an x509 certificate&#xA;[INFO]  Successfully tested Rancher connection&#xA;[INFO]  Downloading rancher-system-agent binary from https://sdg-test-2812.qa.rancher.space/assets/rancher-system-agent-amd64&#xA;[INFO]  Successfully downloaded the rancher-system-agent binary.&#xA;[INFO]  Downloading rancher-system-agent-uninstall.sh script from https://sdg-test-2812.qa.rancher.space/assets/system-agent-uninstall.sh&#xA;[INFO]  Successfully downloaded the rancher-system-agent-uninstall.sh script.&#xA;[INFO]  Generating Cattle ID&#xA;[INFO]  Successfully downloaded Rancher connection information&#xA;[INFO]  systemd: Creating service file&#xA;[INFO]  Creating environment file /etc/systemd/system/rancher-system-agent.env&#xA;[INFO]  Enabling rancher-system-agent.service&#xA;[INFO]  Starting/restarting rancher-system-agent.service&#xA;&#xA;    permutations.go:160: &#xA;        &#x9;Error Trace:&#x9;/Users/sgartner/go/src/github.com/susesgartner/rancher/tests/v2/actions/provisioning/permutations/permutations.go:160&#xA;        &#x9;            &#x9;&#x9;&#x9;&#x9;/Users/sgartner/go/pkg/mod/github.com/stretchr/testify@v1.9.0/suite/suite.go:115&#xA;        &#x9;Error:      &#x9;Received unexpected error:&#xA;        &#x9;            &#x9;timeout waiting on condition&#xA;        &#x9;Test:       &#x9;TestCustomClusterK3SProvisioningTestSuite/TestProvisioningK3SCustomCluster/2_nodes_-_etcd|cp_roles_per_1_node_Standard_User_Node_Provider:_ec2_Kubernetes_version:_v1.28.15+k3s1_cni:_calico&#xA;=== RUN   TestCustomClusterK3SProvisioningTestSuite/TestProvisioningK3SCustomCluster/3_nodes_-_1_role_per_node_Standard_User_Node_Provider:_ec2_Kubernetes_version:_v1.28.15+k3s1_cni:_calico&#xA;time=2025-01-17T11:07:42-06:00 level=info msg=Execute Registration Command for node i-0a8fdd3cfa9cce24e&#xA;time=2025-01-17T11:07:42-06:00 level=info msg=Linux pool detected, using bash...&#xA;time=2025-01-17T11:07:42-06:00 level=info msg=Command:  curl --insecure -fL https://sdg-test-2812.qa.rancher.space/system-agent-install.sh | sudo  sh -s - --server https://sdg-test-2812.qa.rancher.space --label &#39;cattle.io/os=linux&#39; --token 2x8c6f7bpfmnntk9ssmzzdlbb784xpx7ztnc66rxvdwpwm7vpb7hz8 --ca-checksum 143c6b14709d82ab0807e7648db2ca54b97ed57ad0d69ae34b5a12d1b79f8e2f  --etcd&#xA;time=2025-01-17T11:07:45-06:00 level=info msg=[INFO]  Label: cattle.io/os=linux&#xA;[INFO]  Role requested: etcd&#xA;[INFO]  CA strict verification is set to false&#xA;[INFO]  Using default agent configuration directory /etc/rancher/agent&#xA;[INFO]  Using default agent var directory /var/lib/rancher/agent&#xA;[INFO]  Determined CA is necessary to connect to Rancher&#xA;[INFO]  Successfully downloaded CA certificate&#xA;[INFO]  Value from https://sdg-test-2812.qa.rancher.space/cacerts is an x509 certificate&#xA;[INFO]  Successfully tested Rancher connection&#xA;[INFO]  Downloading rancher-system-agent binary from https://sdg-test-2812.qa.rancher.space/assets/rancher-system-agent-amd64&#xA;[INFO]  Successfully downloaded the rancher-system-agent binary.&#xA;[INFO]  Downloading rancher-system-agent-uninstall.sh script from https://sdg-test-2812.qa.rancher.space/assets/system-agent-uninstall.sh&#xA;[INFO]  Successfully downloaded the rancher-system-agent-uninstall.sh script.&#xA;[INFO]  Generating Cattle ID&#xA;[INFO]  Successfully downloaded Rancher connection information&#xA;[INFO]  systemd: Creating service file&#xA;[INFO]  Creating environment file /etc/systemd/system/rancher-system-agent.env&#xA;[INFO]  Enabling rancher-system-agent.service&#xA;[INFO]  Starting/restarting rancher-system-agent.service&#xA;&#xA;time=2025-01-17T11:07:45-06:00 level=info msg=Execute Registration Command for node i-0c98340cd16f861c7&#xA;time=2025-01-17T11:07:45-06:00 level=info msg=Linux pool detected, using bash...&#xA;time=2025-01-17T11:07:45-06:00 level=info msg=Command:  curl --insecure -fL https://sdg-test-2812.qa.rancher.space/system-agent-install.sh | sudo  sh -s - --server https://sdg-test-2812.qa.rancher.space --label &#39;cattle.io/os=linux&#39; --token 2x8c6f7bpfmnntk9ssmzzdlbb784xpx7ztnc66rxvdwpwm7vpb7hz8 --ca-checksum 143c6b14709d82ab0807e7648db2ca54b97ed57ad0d69ae34b5a12d1b79f8e2f  --controlplane&#xA;time=2025-01-17T11:07:47-06:00 level=info msg=[INFO]  Label: cattle.io/os=linux&#xA;[INFO]  Role requested: controlplane&#xA;[INFO]  CA strict verification is set to false&#xA;[INFO]  Using default agent configuration directory /etc/rancher/agent&#xA;[INFO]  Using default agent var directory /var/lib/rancher/agent&#xA;[INFO]  Determined CA is necessary to connect to Rancher&#xA;[INFO]  Successfully downloaded CA certificate&#xA;[INFO]  Value from https://sdg-test-2812.qa.rancher.space/cacerts is an x509 certificate&#xA;[INFO]  Successfully tested Rancher connection&#xA;[INFO]  Downloading rancher-system-agent binary from https://sdg-test-2812.qa.rancher.space/assets/rancher-system-agent-amd64&#xA;[INFO]  Successfully downloaded the rancher-system-agent binary.&#xA;[INFO]  Downloading rancher-system-agent-uninstall.sh script from https://sdg-test-2812.qa.rancher.space/assets/system-agent-uninstall.sh&#xA;[INFO]  Successfully downloaded the rancher-system-agent-uninstall.sh script.&#xA;[INFO]  Generating Cattle ID&#xA;[INFO]  Successfully downloaded Rancher connection information&#xA;[INFO]  systemd: Creating service file&#xA;[INFO]  Creating environment file /etc/systemd/system/rancher-system-agent.env&#xA;[INFO]  Enabling rancher-system-agent.service&#xA;[INFO]  Starting/restarting rancher-system-agent.service&#xA;&#xA;time=2025-01-17T11:07:47-06:00 level=info msg=Execute Registration Command for node i-0c5ddda07e3856160&#xA;time=2025-01-17T11:07:47-06:00 level=info msg=Linux pool detected, using bash...&#xA;time=2025-01-17T11:07:47-06:00 level=info msg=Command:  curl --insecure -fL https://sdg-test-2812.qa.rancher.space/system-agent-install.sh | sudo  sh -s - --server https://sdg-test-2812.qa.rancher.space --label &#39;cattle.io/os=linux&#39; --token 2x8c6f7bpfmnntk9ssmzzdlbb784xpx7ztnc66rxvdwpwm7vpb7hz8 --ca-checksum 143c6b14709d82ab0807e7648db2ca54b97ed57ad0d69ae34b5a12d1b79f8e2f  --worker&#xA;time=2025-01-17T11:07:49-06:00 level=info msg=[INFO]  Label: cattle.io/os=linux&#xA;[INFO]  Role requested: worker&#xA;[INFO]  CA strict verification is set to false&#xA;[INFO]  Using default agent configuration directory /etc/rancher/agent&#xA;[INFO]  Using default agent var directory /var/lib/rancher/agent&#xA;[INFO]  Determined CA is necessary to connect to Rancher&#xA;[INFO]  Successfully downloaded CA certificate&#xA;[INFO]  Value from https://sdg-test-2812.qa.rancher.space/cacerts is an x509 certificate&#xA;[INFO]  Successfully tested Rancher connection&#xA;[INFO]  Downloading rancher-system-agent binary from https://sdg-test-2812.qa.rancher.space/assets/rancher-system-agent-amd64&#xA;[INFO]  Successfully downloaded the rancher-system-agent binary.&#xA;[INFO]  Downloading rancher-system-agent-uninstall.sh script from https://sdg-test-2812.qa.rancher.space/assets/system-agent-uninstall.sh&#xA;[INFO]  Successfully downloaded the rancher-system-agent-uninstall.sh script.&#xA;[INFO]  Generating Cattle ID&#xA;[INFO]  Successfully downloaded Rancher connection information&#xA;[INFO]  systemd: Creating service file&#xA;[INFO]  Creating environment file /etc/systemd/system/rancher-system-agent.env&#xA;[INFO]  Enabling rancher-system-agent.service&#xA;[INFO]  Starting/restarting rancher-system-agent.service&#xA;&#xA;</failure>
		</testcase>
		<testcase classname="github.com/rancher/rancher/tests/v2/validation/provisioning/k3s" name="TestCustomClusterK3SProvisioningTestSuite/TestProvisioningK3SCustomCluster" time="-0.000000">
			<failure message="Failed" type="">=== RUN   TestCustomClusterK3SProvisioningTestSuite/TestProvisioningK3SCustomCluster&#xA;</failure>
		</testcase>
		<testcase classname="github.com/rancher/rancher/tests/v2/validation/provisioning/k3s" name="TestCustomClusterK3SProvisioningTestSuite/TestProvisioningK3SCustomCluster/1_Node_all_roles_Standard_User_Node_Provider:_ec2_Kubernetes_version:_v1.28.15+k3s1_cni:_calico" time="-0.000000">
			<failure message="Failed" type="">=== RUN   TestCustomClusterK3SProvisioningTestSuite/TestProvisioningK3SCustomCluster/1_Node_all_roles_Standard_User_Node_Provider:_ec2_Kubernetes_version:_v1.28.15+k3s1_cni:_calico&#xA;time=2025-01-17T10:28:45-06:00 level=info msg=Execute Registration Command for node i-0e1e208765a15b719&#xA;time=2025-01-17T10:28:45-06:00 level=info msg=Linux pool detected, using bash...&#xA;time=2025-01-17T10:28:45-06:00 level=info msg=Command:  curl --insecure -fL https://sdg-test-2812.qa.rancher.space/system-agent-install.sh | sudo  sh -s - --server https://sdg-test-2812.qa.rancher.space --label &#39;cattle.io/os=linux&#39; --token 86v5cffvbc887zhnfjl2xkffg2xdn5nms68vfh56pcwnjcdd9xtgzf --ca-checksum 143c6b14709d82ab0807e7648db2ca54b97ed57ad0d69ae34b5a12d1b79f8e2f  --controlplane --etcd --worker&#xA;time=2025-01-17T10:28:48-06:00 level=info msg=[INFO]  Label: cattle.io/os=linux&#xA;[INFO]  Role requested: controlplane&#xA;[INFO]  Role requested: etcd&#xA;[INFO]  Role requested: worker&#xA;[INFO]  CA strict verification is set to false&#xA;[INFO]  Using default agent configuration directory /etc/rancher/agent&#xA;[INFO]  Using default agent var directory /var/lib/rancher/agent&#xA;[INFO]  Determined CA is necessary to connect to Rancher&#xA;[INFO]  Successfully downloaded CA certificate&#xA;[INFO]  Value from https://sdg-test-2812.qa.rancher.space/cacerts is an x509 certificate&#xA;[INFO]  Successfully tested Rancher connection&#xA;[INFO]  Downloading rancher-system-agent binary from https://sdg-test-2812.qa.rancher.space/assets/rancher-system-agent-amd64&#xA;[INFO]  Successfully downloaded the rancher-system-agent binary.&#xA;[INFO]  Downloading rancher-system-agent-uninstall.sh script from https://sdg-test-2812.qa.rancher.space/assets/system-agent-uninstall.sh&#xA;[INFO]  Successfully downloaded the rancher-system-agent-uninstall.sh script.&#xA;[INFO]  Generating Cattle ID&#xA;[INFO]  Successfully downloaded Rancher connection information&#xA;[INFO]  systemd: Creating service file&#xA;[INFO]  Creating environment file /etc/systemd/system/rancher-system-agent.env&#xA;[INFO]  Enabling rancher-system-agent.service&#xA;[INFO]  Starting/restarting rancher-system-agent.service&#xA;&#xA;time=2025-01-17T10:30:24-06:00 level=info msg=Cluster status is active!&#xA;time=2025-01-17T10:30:39-06:00 level=info msg=Cluster status is active!&#xA;time=2025-01-17T10:30:40-06:00 level=info msg=serviceAccountTokenSecret in this cluster is: cluster-serviceaccounttoken-pdrl8&#xA;time=2025-01-17T10:30:40-06:00 level=info msg=All nodes in the cluster are running!&#xA;</failure>
		</testcase>
		<testcase classname="github.com/rancher/rancher/tests/v2/validation/provisioning/k3s" name="TestCustomClusterK3SProvisioningTestSuite/TestProvisioningK3SCustomCluster/2_nodes_-_etcd|cp_roles_per_1_node_Standard_User_Node_Provider:_ec2_Kubernetes_version:_v1.28.15+k3s1_cni:_calico" time="-0.000000">
			<failure message="Failed" type="">=== RUN   TestCustomClusterK3SProvisioningTestSuite/TestProvisioningK3SCustomCluster/2_nodes_-_etcd|cp_roles_per_1_node_Standard_User_Node_Provider:_ec2_Kubernetes_version:_v1.28.15+k3s1_cni:_calico&#xA;time=2025-01-17T10:34:42-06:00 level=info msg=Execute Registration Command for node i-0492e23fe3b7d83a8&#xA;time=2025-01-17T10:34:42-06:00 level=info msg=Linux pool detected, using bash...&#xA;time=2025-01-17T10:34:42-06:00 level=info msg=Command:  curl --insecure -fL https://sdg-test-2812.qa.rancher.space/system-agent-install.sh | sudo  sh -s - --server https://sdg-test-2812.qa.rancher.space --label &#39;cattle.io/os=linux&#39; --token cnmzdqfr2knmfxhrx884qxfdpv9t9bb8whdsw6cv6dwjdp4wjmj6mv --ca-checksum 143c6b14709d82ab0807e7648db2ca54b97ed57ad0d69ae34b5a12d1b79f8e2f  --controlplane --etcd&#xA;time=2025-01-17T10:34:45-06:00 level=info msg=[INFO]  Label: cattle.io/os=linux&#xA;[INFO]  Role requested: controlplane&#xA;[INFO]  Role requested: etcd&#xA;[INFO]  CA strict verification is set to false&#xA;[INFO]  Using default agent configuration directory /etc/rancher/agent&#xA;[INFO]  Using default agent var directory /var/lib/rancher/agent&#xA;[INFO]  Determined CA is necessary to connect to Rancher&#xA;[INFO]  Successfully downloaded CA certificate&#xA;[INFO]  Value from https://sdg-test-2812.qa.rancher.space/cacerts is an x509 certificate&#xA;[INFO]  Successfully tested Rancher connection&#xA;[INFO]  Downloading rancher-system-agent binary from https://sdg-test-2812.qa.rancher.space/assets/rancher-system-agent-amd64&#xA;[INFO]  Successfully downloaded the rancher-system-agent binary.&#xA;[INFO]  Downloading rancher-system-agent-uninstall.sh script from https://sdg-test-2812.qa.rancher.space/assets/system-agent-uninstall.sh&#xA;[INFO]  Successfully downloaded the rancher-system-agent-uninstall.sh script.&#xA;[INFO]  Generating Cattle ID&#xA;[INFO]  Successfully downloaded Rancher connection information&#xA;[INFO]  systemd: Creating service file&#xA;[INFO]  Creating environment file /etc/systemd/system/rancher-system-agent.env&#xA;[INFO]  Enabling rancher-system-agent.service&#xA;[INFO]  Starting/restarting rancher-system-agent.service&#xA;&#xA;time=2025-01-17T10:34:45-06:00 level=info msg=Execute Registration Command for node i-07c11c48623b6e106&#xA;time=2025-01-17T10:34:45-06:00 level=info msg=Linux pool detected, using bash...&#xA;time=2025-01-17T10:34:45-06:00 level=info msg=Command:  curl --insecure -fL https://sdg-test-2812.qa.rancher.space/system-agent-install.sh | sudo  sh -s - --server https://sdg-test-2812.qa.rancher.space --label &#39;cattle.io/os=linux&#39; --token cnmzdqfr2knmfxhrx884qxfdpv9t9bb8whdsw6cv6dwjdp4wjmj6mv --ca-checksum 143c6b14709d82ab0807e7648db2ca54b97ed57ad0d69ae34b5a12d1b79f8e2f  --worker&#xA;time=2025-01-17T10:34:47-06:00 level=info msg=[INFO]  Label: cattle.io/os=linux&#xA;[INFO]  Role requested: worker&#xA;[INFO]  CA strict verification is set to false&#xA;[INFO]  Using default agent configuration directory /etc/rancher/agent&#xA;[INFO]  Using default agent var directory /var/lib/rancher/agent&#xA;[INFO]  Determined CA is necessary to connect to Rancher&#xA;[INFO]  Successfully downloaded CA certificate&#xA;[INFO]  Value from https://sdg-test-2812.qa.rancher.space/cacerts is an x509 certificate&#xA;[INFO]  Successfully tested Rancher connection&#xA;[INFO]  Downloading rancher-system-agent binary from https://sdg-test-2812.qa.rancher.space/assets/rancher-system-agent-amd64&#xA;[INFO]  Successfully downloaded the rancher-system-agent binary.&#xA;[INFO]  Downloading rancher-system-agent-uninstall.sh script from https://sdg-test-2812.qa.rancher.space/assets/system-agent-uninstall.sh&#xA;[INFO]  Successfully downloaded the rancher-system-agent-uninstall.sh script.&#xA;[INFO]  Generating Cattle ID&#xA;[INFO]  Successfully downloaded Rancher connection information&#xA;[INFO]  systemd: Creating service file&#xA;[INFO]  Creating environment file /etc/systemd/system/rancher-system-agent.env&#xA;[INFO]  Enabling rancher-system-agent.service&#xA;[INFO]  Starting/restarting rancher-system-agent.service&#xA;&#xA;    permutations.go:160: &#xA;        &#x9;Error Trace:&#x9;/Users/sgartner/go/src/github.com/susesgartner/rancher/tests/v2/actions/provisioning/permutations/permutations.go:160&#xA;        &#x9;            &#x9;&#x9;&#x9;&#x9;/Users/sgartner/go/pkg/mod/github.com/stretchr/testify@v1.9.0/suite/suite.go:115&#xA;        &#x9;Error:      &#x9;Received unexpected error:&#xA;        &#x9;            &#x9;timeout waiting on condition&#xA;        &#x9;Test:       &#x9;TestCustomClusterK3SProvisioningTestSuite/TestProvisioningK3SCustomCluster/2_nodes_-_etcd|cp_roles_per_1_node_Standard_User_Node_Provider:_ec2_Kubernetes_version:_v1.28.15+k3s1_cni:_calico&#xA;</failure>
		</testcase>
		<testcase classname="github.com/rancher/rancher/tests/v2/validation/provisioning/k3s" name="TestCustomClusterK3SProvisioningTestSuite/TestProvisioningK3SCustomCluster/3_nodes_-_1_role_per_node_Standard_User_Node_Provider:_ec2_Kubernetes_version:_v1.28.15+k3s1_cni:_calico" time="-0.000000">
			<failure message="Failed" type="">=== RUN   TestCustomClusterK3SProvisioningTestSuite/TestProvisioningK3SCustomCluster/3_nodes_-_1_role_per_node_Standard_User_Node_Provider:_ec2_Kubernetes_version:_v1.28.15+k3s1_cni:_calico&#xA;time=2025-01-17T11:07:42-06:00 level=info msg=Execute Registration Command for node i-0a8fdd3cfa9cce24e&#xA;time=2025-01-17T11:07:42-06:00 level=info msg=Linux pool detected, using bash...&#xA;time=2025-01-17T11:07:42-06:00 level=info msg=Command:  curl --insecure -fL https://sdg-test-2812.qa.rancher.space/system-agent-install.sh | sudo  sh -s - --server https://sdg-test-2812.qa.rancher.space --label &#39;cattle.io/os=linux&#39; --token 2x8c6f7bpfmnntk9ssmzzdlbb784xpx7ztnc66rxvdwpwm7vpb7hz8 --ca-checksum 143c6b14709d82ab0807e7648db2ca54b97ed57ad0d69ae34b5a12d1b79f8e2f  --etcd&#xA;time=2025-01-17T11:07:45-06:00 level=info msg=[INFO]  Label: cattle.io/os=linux&#xA;[INFO]  Role requested: etcd&#xA;[INFO]  CA strict verification is set to false&#xA;[INFO]  Using default agent configuration directory /etc/rancher/agent&#xA;[INFO]  Using default agent var directory /var/lib/rancher/agent&#xA;[INFO]  Determined CA is necessary to connect to Rancher&#xA;[INFO]  Successfully downloaded CA certificate&#xA;[INFO]  Value from https://sdg-test-2812.qa.rancher.space/cacerts is an x509 certificate&#xA;[INFO]  Successfully tested Rancher connection&#xA;[INFO]  Downloading rancher-system-agent binary from https://sdg-test-2812.qa.rancher.space/assets/rancher-system-agent-amd64&#xA;[INFO]  Successfully downloaded the rancher-system-agent binary.&#xA;[INFO]  Downloading rancher-system-agent-uninstall.sh script from https://sdg-test-2812.qa.rancher.space/assets/system-agent-uninstall.sh&#xA;[INFO]  Successfully downloaded the rancher-system-agent-uninstall.sh script.&#xA;[INFO]  Generating Cattle ID&#xA;[INFO]  Successfully downloaded Rancher connection information&#xA;[INFO]  systemd: Creating service file&#xA;[INFO]  Creating environment file /etc/systemd/system/rancher-system-agent.env&#xA;[INFO]  Enabling rancher-system-agent.service&#xA;[INFO]  Starting/restarting rancher-system-agent.service&#xA;&#xA;time=2025-01-17T11:07:45-06:00 level=info msg=Execute Registration Command for node i-0c98340cd16f861c7&#xA;time=2025-01-17T11:07:45-06:00 level=info msg=Linux pool detected, using bash...&#xA;time=2025-01-17T11:07:45-06:00 level=info msg=Command:  curl --insecure -fL https://sdg-test-2812.qa.rancher.space/system-agent-install.sh | sudo  sh -s - --server https://sdg-test-2812.qa.rancher.space --label &#39;cattle.io/os=linux&#39; --token 2x8c6f7bpfmnntk9ssmzzdlbb784xpx7ztnc66rxvdwpwm7vpb7hz8 --ca-checksum 143c6b14709d82ab0807e7648db2ca54b97ed57ad0d69ae34b5a12d1b79f8e2f  --controlplane&#xA;time=2025-01-17T11:07:47-06:00 level=info msg=[INFO]  Label: cattle.io/os=linux&#xA;[INFO]  Role requested: controlplane&#xA;[INFO]  CA strict verification is set to false&#xA;[INFO]  Using default agent configuration directory /etc/rancher/agent&#xA;[INFO]  Using default agent var directory /var/lib/rancher/agent&#xA;[INFO]  Determined CA is necessary to connect to Rancher&#xA;[INFO]  Successfully downloaded CA certificate&#xA;[INFO]  Value from https://sdg-test-2812.qa.rancher.space/cacerts is an x509 certificate&#xA;[INFO]  Successfully tested Rancher connection&#xA;[INFO]  Downloading rancher-system-agent binary from https://sdg-test-2812.qa.rancher.space/assets/rancher-system-agent-amd64&#xA;[INFO]  Successfully downloaded the rancher-system-agent binary.&#xA;[INFO]  Downloading rancher-system-agent-uninstall.sh script from https://sdg-test-2812.qa.rancher.space/assets/system-agent-uninstall.sh&#xA;[INFO]  Successfully downloaded the rancher-system-agent-uninstall.sh script.&#xA;[INFO]  Generating Cattle ID&#xA;[INFO]  Successfully downloaded Rancher connection information&#xA;[INFO]  systemd: Creating service file&#xA;[INFO]  Creating environment file /etc/systemd/system/rancher-system-agent.env&#xA;[INFO]  Enabling rancher-system-agent.service&#xA;[INFO]  Starting/restarting rancher-system-agent.service&#xA;&#xA;time=2025-01-17T11:07:47-06:00 level=info msg=Execute Registration Command for node i-0c5ddda07e3856160&#xA;time=2025-01-17T11:07:47-06:00 level=info msg=Linux pool detected, using bash...&#xA;time=2025-01-17T11:07:47-06:00 level=info msg=Command:  curl --insecure -fL https://sdg-test-2812.qa.rancher.space/system-agent-install.sh | sudo  sh -s - --server https://sdg-test-2812.qa.rancher.space --label &#39;cattle.io/os=linux&#39; --token 2x8c6f7bpfmnntk9ssmzzdlbb784xpx7ztnc66rxvdwpwm7vpb7hz8 --ca-checksum 143c6b14709d82ab0807e7648db2ca54b97ed57ad0d69ae34b5a12d1b79f8e2f  --worker&#xA;time=2025-01-17T11:07:49-06:00 level=info msg=[INFO]  Label: cattle.io/os=linux&#xA;[INFO]  Role requested: worker&#xA;[INFO]  CA strict verification is set to false&#xA;[INFO]  Using default agent configuration directory /etc/rancher/agent&#xA;[INFO]  Using default agent var directory /var/lib/rancher/agent&#xA;[INFO]  Determined CA is necessary to connect to Rancher&#xA;[INFO]  Successfully downloaded CA certificate&#xA;[INFO]  Value from https://sdg-test-2812.qa.rancher.space/cacerts is an x509 certificate&#xA;[INFO]  Successfully tested Rancher connection&#xA;[INFO]  Downloading rancher-system-agent binary from https://sdg-test-2812.qa.rancher.space/assets/rancher-system-agent-amd64&#xA;[INFO]  Successfully downloaded the rancher-system-agent binary.&#xA;[INFO]  Downloading rancher-system-agent-uninstall.sh script from https://sdg-test-2812.qa.rancher.space/assets/system-agent-uninstall.sh&#xA;[INFO]  Successfully downloaded the rancher-system-agent-uninstall.sh script.&#xA;[INFO]  Generating Cattle ID&#xA;[INFO]  Successfully downloaded Rancher connection information&#xA;[INFO]  systemd: Creating service file&#xA;[INFO]  Creating environment file /etc/systemd/system/rancher-system-agent.env&#xA;[INFO]  Enabling rancher-system-agent.service&#xA;[INFO]  Starting/restarting rancher-system-agent.service&#xA;&#xA;</failure>
		</testcase>
	</testsuite>
	<testsuite tests="0" failures="0" time="0.000000" name="github.com/rancher/rancher/tests/v2/validation/provisioning/proxy" timestamp="2025-01-17T10:25:27-06:00">
		<properties>
			<property name="go.version" value="go1.23.0 darwin/arm64"></property>
		</properties>
	</testsuite>
	<testsuite tests="0" failures="0" time="0.000000" name="github.com/rancher/rancher/tests/v2/validation/provisioning/registries" timestamp="2025-01-17T10:25:27-06:00">
		<properties>
			<property name="go.version" value="go1.23.0 darwin/arm64"></property>
		</properties>
	</testsuite>
	<testsuite tests="0" failures="0" time="0.000000" name="github.com/rancher/rancher/tests/v2/validation/provisioning/resources/cisbenchmark" timestamp="2025-01-17T10:25:27-06:00">
		<properties>
			<property name="go.version" value="go1.23.0 darwin/arm64"></property>
		</properties>
	</testsuite>
	<testsuite tests="0" failures="0" time="0.001000" name="github.com/rancher/rancher/tests/v2/validation/provisioning/rke1" timestamp="2025-01-17T10:25:27-06:00">
		<properties>
			<property name="go.version" value="go1.23.0 darwin/arm64"></property>
		</properties>
	</testsuite>
	<testsuite tests="0" failures="0" time="0.000000" name="github.com/rancher/rancher/tests/v2/validation/provisioning/rke2" timestamp="2025-01-17T10:25:27-06:00">
		<properties>
			<property name="go.version" value="go1.23.0 darwin/arm64"></property>
		</properties>
	</testsuite>
</testsuites>